Archive member included to satisfy reference by file (symbol)

/Applications/ArmGNUToolchain/14.2.rel1/arm-none-eabi/bin/../lib/gcc/arm-none-eabi/14.2.1/thumb/v7-m/nofp/libgcc.a(_arm_mulsf3.o)
                              CMakeFiles/Calendar.elf.dir/Lib/Src/oled.c.obj (__aeabi_fmul)
/Applications/ArmGNUToolchain/14.2.rel1/arm-none-eabi/bin/../lib/gcc/arm-none-eabi/14.2.1/thumb/v7-m/nofp/libgcc.a(_arm_addsubsf3.o)
                              CMakeFiles/Calendar.elf.dir/Lib/Src/oled.c.obj (__aeabi_fsub)
/Applications/ArmGNUToolchain/14.2.rel1/arm-none-eabi/bin/../lib/gcc/arm-none-eabi/14.2.1/thumb/v7-m/nofp/libgcc.a(_arm_cmpsf2.o)
                              CMakeFiles/Calendar.elf.dir/Lib/Src/oled.c.obj (__aeabi_fcmplt)
/Applications/ArmGNUToolchain/14.2.rel1/arm-none-eabi/bin/../lib/gcc/arm-none-eabi/14.2.1/thumb/v7-m/nofp/libgcc.a(_arm_fixsfsi.o)
                              CMakeFiles/Calendar.elf.dir/Lib/Src/oled.c.obj (__aeabi_f2iz)
/Applications/ArmGNUToolchain/14.2.rel1/arm-none-eabi/bin/../lib/gcc/arm-none-eabi/14.2.1/../../../../arm-none-eabi/lib/thumb/v7-m/nofp/libc.a(libc_a-exit.o)
                              /Applications/ArmGNUToolchain/14.2.rel1/arm-none-eabi/bin/../lib/gcc/arm-none-eabi/14.2.1/../../../../arm-none-eabi/lib/thumb/v7-m/nofp/crt0.o (exit)
/Applications/ArmGNUToolchain/14.2.rel1/arm-none-eabi/bin/../lib/gcc/arm-none-eabi/14.2.1/../../../../arm-none-eabi/lib/thumb/v7-m/nofp/libc.a(libc_a-printf.o)
                              CMakeFiles/Calendar.elf.dir/Core/Src/main.c.obj (printf)
/Applications/ArmGNUToolchain/14.2.rel1/arm-none-eabi/bin/../lib/gcc/arm-none-eabi/14.2.1/../../../../arm-none-eabi/lib/thumb/v7-m/nofp/libc.a(libc_a-sprintf.o)
                              CMakeFiles/Calendar.elf.dir/App/Src/task_main.c.obj (sprintf)
/Applications/ArmGNUToolchain/14.2.rel1/arm-none-eabi/bin/../lib/gcc/arm-none-eabi/14.2.1/../../../../arm-none-eabi/lib/thumb/v7-m/nofp/libc.a(libc_a-findfp.o)
                              /Applications/ArmGNUToolchain/14.2.rel1/arm-none-eabi/bin/../lib/gcc/arm-none-eabi/14.2.1/../../../../arm-none-eabi/lib/thumb/v7-m/nofp/libc.a(libc_a-exit.o) (__stdio_exit_handler)
/Applications/ArmGNUToolchain/14.2.rel1/arm-none-eabi/bin/../lib/gcc/arm-none-eabi/14.2.1/../../../../arm-none-eabi/lib/thumb/v7-m/nofp/libc.a(libc_a-memset.o)
                              /Applications/ArmGNUToolchain/14.2.rel1/arm-none-eabi/bin/../lib/gcc/arm-none-eabi/14.2.1/../../../../arm-none-eabi/lib/thumb/v7-m/nofp/crt0.o (memset)
/Applications/ArmGNUToolchain/14.2.rel1/arm-none-eabi/bin/../lib/gcc/arm-none-eabi/14.2.1/../../../../arm-none-eabi/lib/thumb/v7-m/nofp/libc.a(libc_a-gmtime.o)
                              CMakeFiles/Calendar.elf.dir/Lib/Src/kk_rtc.c.obj (gmtime)
/Applications/ArmGNUToolchain/14.2.rel1/arm-none-eabi/bin/../lib/gcc/arm-none-eabi/14.2.1/../../../../arm-none-eabi/lib/thumb/v7-m/nofp/libc.a(libc_a-gmtime_r.o)
                              /Applications/ArmGNUToolchain/14.2.rel1/arm-none-eabi/bin/../lib/gcc/arm-none-eabi/14.2.1/../../../../arm-none-eabi/lib/thumb/v7-m/nofp/libc.a(libc_a-gmtime.o) (gmtime_r)
/Applications/ArmGNUToolchain/14.2.rel1/arm-none-eabi/bin/../lib/gcc/arm-none-eabi/14.2.1/../../../../arm-none-eabi/lib/thumb/v7-m/nofp/libc.a(libc_a-mktime.o)
                              CMakeFiles/Calendar.elf.dir/Lib/Src/kk_rtc.c.obj (mktime)
/Applications/ArmGNUToolchain/14.2.rel1/arm-none-eabi/bin/../lib/gcc/arm-none-eabi/14.2.1/../../../../arm-none-eabi/lib/thumb/v7-m/nofp/libc.a(libc_a-tzcalc_limits.o)
                              /Applications/ArmGNUToolchain/14.2.rel1/arm-none-eabi/bin/../lib/gcc/arm-none-eabi/14.2.1/../../../../arm-none-eabi/lib/thumb/v7-m/nofp/libc.a(libc_a-mktime.o) (__tzcalc_limits)
/Applications/ArmGNUToolchain/14.2.rel1/arm-none-eabi/bin/../lib/gcc/arm-none-eabi/14.2.1/../../../../arm-none-eabi/lib/thumb/v7-m/nofp/libc.a(libc_a-tzlock.o)
                              /Applications/ArmGNUToolchain/14.2.rel1/arm-none-eabi/bin/../lib/gcc/arm-none-eabi/14.2.1/../../../../arm-none-eabi/lib/thumb/v7-m/nofp/libc.a(libc_a-mktime.o) (__tz_lock)
/Applications/ArmGNUToolchain/14.2.rel1/arm-none-eabi/bin/../lib/gcc/arm-none-eabi/14.2.1/../../../../arm-none-eabi/lib/thumb/v7-m/nofp/libc.a(libc_a-tzset.o)
                              /Applications/ArmGNUToolchain/14.2.rel1/arm-none-eabi/bin/../lib/gcc/arm-none-eabi/14.2.1/../../../../arm-none-eabi/lib/thumb/v7-m/nofp/libc.a(libc_a-mktime.o) (_tzset_unlocked)
/Applications/ArmGNUToolchain/14.2.rel1/arm-none-eabi/bin/../lib/gcc/arm-none-eabi/14.2.1/../../../../arm-none-eabi/lib/thumb/v7-m/nofp/libc.a(libc_a-tzset_r.o)
                              /Applications/ArmGNUToolchain/14.2.rel1/arm-none-eabi/bin/../lib/gcc/arm-none-eabi/14.2.1/../../../../arm-none-eabi/lib/thumb/v7-m/nofp/libc.a(libc_a-tzset.o) (_tzset_unlocked_r)
[...]
Memory Configuration

Name             Origin             Length             Attributes
RAM              0x20000000         0x00005000         xrw
FLASH            0x08000000         0x00010000         xr
*default*        0x00000000         0xffffffff

Linker script and memory map

LOAD /Applications/ArmGNUToolchain/14.2.rel1/arm-none-eabi/bin/../lib/gcc/arm-none-eabi/14.2.1/thumb/v7-m/nofp/crti.o
LOAD /Applications/ArmGNUToolchain/14.2.rel1/arm-none-eabi/bin/../lib/gcc/arm-none-eabi/14.2.1/thumb/v7-m/nofp/crtbegin.o
LOAD /Applications/ArmGNUToolchain/14.2.rel1/arm-none-eabi/bin/../lib/gcc/arm-none-eabi/14.2.1/../../../../arm-none-eabi/lib/thumb/v7-m/nofp/crt0.o
LOAD CMakeFiles/Calendar.elf.dir/App/Src/task_main.c.obj
LOAD CMakeFiles/Calendar.elf.dir/Core/Src/gpio.c.obj
LOAD CMakeFiles/Calendar.elf.dir/Core/Src/i2c.c.obj
LOAD CMakeFiles/Calendar.elf.dir/Core/Src/main.c.obj
LOAD CMakeFiles/Calendar.elf.dir/Core/Src/rtc.c.obj
LOAD CMakeFiles/Calendar.elf.dir/Core/Src/stm32f1xx_hal_msp.c.obj
LOAD CMakeFiles/Calendar.elf.dir/Core/Src/stm32f1xx_it.c.obj
LOAD CMakeFiles/Calendar.elf.dir/Core/Src/syscalls.c.obj
LOAD CMakeFiles/Calendar.elf.dir/Core/Src/sysmem.c.obj
LOAD CMakeFiles/Calendar.elf.dir/Core/Src/system_stm32f1xx.c.obj
LOAD CMakeFiles/Calendar.elf.dir/Core/Src/tim.c.obj
LOAD CMakeFiles/Calendar.elf.dir/Core/Src/usart.c.obj
LOAD CMakeFiles/Calendar.elf.dir/Core/Startup/startup_stm32f103c8tx.s.obj
LOAD CMakeFiles/Calendar.elf.dir/Drivers/STM32F1xx_HAL_Driver/Src/stm32f1xx_hal.c.obj
LOAD CMakeFiles/Calendar.elf.dir/Drivers/STM32F1xx_HAL_Driver/Src/stm32f1xx_hal_cortex.c.obj
LOAD CMakeFiles/Calendar.elf.dir/Drivers/STM32F1xx_HAL_Driver/Src/stm32f1xx_hal_dma.c.obj
LOAD CMakeFiles/Calendar.elf.dir/Drivers/STM32F1xx_HAL_Driver/Src/stm32f1xx_hal_exti.c.obj
LOAD CMakeFiles/Calendar.elf.dir/Drivers/STM32F1xx_HAL_Driver/Src/stm32f1xx_hal_flash.c.obj
LOAD CMakeFiles/Calendar.elf.dir/Drivers/STM32F1xx_HAL_Driver/Src/stm32f1xx_hal_flash_ex.c.obj
LOAD CMakeFiles/Calendar.elf.dir/Drivers/STM32F1xx_HAL_Driver/Src/stm32f1xx_hal_gpio.c.obj
LOAD CMakeFiles/Calendar.elf.dir/Drivers/STM32F1xx_HAL_Driver/Src/stm32f1xx_hal_gpio_ex.c.obj
LOAD CMakeFiles/Calendar.elf.dir/Drivers/STM32F1xx_HAL_Driver/Src/stm32f1xx_hal_i2c.c.obj
LOAD CMakeFiles/Calendar.elf.dir/Drivers/STM32F1xx_HAL_Driver/Src/stm32f1xx_hal_pwr.c.obj
LOAD CMakeFiles/Calendar.elf.dir/Drivers/STM32F1xx_HAL_Driver/Src/stm32f1xx_hal_rcc.c.obj
LOAD CMakeFiles/Calendar.elf.dir/Drivers/STM32F1xx_HAL_Driver/Src/stm32f1xx_hal_rcc_ex.c.obj
LOAD CMakeFiles/Calendar.elf.dir/Drivers/STM32F1xx_HAL_Driver/Src/stm32f1xx_hal_rtc.c.obj
LOAD CMakeFiles/Calendar.elf.dir/Drivers/STM32F1xx_HAL_Driver/Src/stm32f1xx_hal_rtc_ex.c.obj
LOAD CMakeFiles/Calendar.elf.dir/Drivers/STM32F1xx_HAL_Driver/Src/stm32f1xx_hal_tim.c.obj
LOAD CMakeFiles/Calendar.elf.dir/Drivers/STM32F1xx_HAL_Driver/Src/stm32f1xx_hal_tim_ex.c.obj
LOAD CMakeFiles/Calendar.elf.dir/Drivers/STM32F1xx_HAL_Driver/Src/stm32f1xx_hal_uart.c.obj
LOAD CMakeFiles/Calendar.elf.dir/Lib/Src/font.c.obj
LOAD CMakeFiles/Calendar.elf.dir/Lib/Src/kk_knob.c.obj
LOAD CMakeFiles/Calendar.elf.dir/Lib/Src/kk_rtc.c.obj
LOAD CMakeFiles/Calendar.elf.dir/Lib/Src/oled.c.obj
START GROUP
LOAD /Applications/ArmGNUToolchain/14.2.rel1/arm-none-eabi/bin/../lib/gcc/arm-none-eabi/14.2.1/thumb/v7-m/nofp/libgcc.a
LOAD /Applications/ArmGNUToolchain/14.2.rel1/arm-none-eabi/bin/../lib/gcc/arm-none-eabi/14.2.1/../../../../arm-none-eabi/lib/thumb/v7-m/nofp/libc.a
END GROUP
LOAD /Applications/ArmGNUToolchain/14.2.rel1/arm-none-eabi/bin/../lib/gcc/arm-none-eabi/14.2.1/thumb/v7-m/nofp/crtend.o
LOAD /Applications/ArmGNUToolchain/14.2.rel1/arm-none-eabi/bin/../lib/gcc/arm-none-eabi/14.2.1/thumb/v7-m/nofp/crtn.o
                0x20005000                        _estack = (ORIGIN (RAM) + LENGTH (RAM))
                0x00000200                        _Min_Heap_Size = 0x200
                0x00000400                        _Min_Stack_Size = 0x400

.isr_vector     0x08000000      0x10c
                0x08000000                        . = ALIGN (0x4)
 *(.isr_vector)
 .isr_vector    0x08000000      0x10c CMakeFiles/Calendar.elf.dir/Core/Startup/startup_stm32f103c8tx.s.obj
                0x08000000                g_pfnVectors
                0x0800010c                        . = ALIGN (0x4)

.text           0x08000110     0x93c8
                0x08000110                        . = ALIGN (0x4)
 *(.text)
 .text          0x08000110       0xec /Applications/ArmGNUToolchain/14.2.rel1/arm-none-eabi/bin/../lib/gcc/arm-none-eabi/14.2.1/../../../../arm-none-eabi/lib/thumb/v7-m/nofp/libc.a(libc_a-memcpy.o)
                0x08000110                memcpy
 .text          0x080001fc      0x378 /Applications/ArmGNUToolchain/14.2.rel1/arm-none-eabi/bin/../lib/gcc/arm-none-eabi/14.2.1/thumb/v7-m/nofp/libgcc.a(_arm_addsubdf3.o)
                0x080001fc                __aeabi_drsub
                0x08000204                __subdf3
                0x08000204                __aeabi_dsub
                0x08000208                __aeabi_dadd
                0x08000208                __adddf3
                0x08000480                __aeabi_ui2d
                0x08000480                __floatunsidf
                0x080004a0                __floatsidf
                0x080004a0                __aeabi_i2d
                0x080004c4                __extendsfdf2
                0x080004c4                __aeabi_f2d
                0x08000508                __aeabi_ul2d
                0x08000508                __floatundidf
                0x08000518                __aeabi_l2d
                0x08000518                __floatdidf
 .text          0x08000574      0x424 /Applications/ArmGNUToolchain/14.2.rel1/arm-none-eabi/bin/../lib/gcc/arm-none-eabi/14.2.1/thumb/v7-m/nofp/libgcc.a(_arm_muldivdf3.o)
                0x08000574                __aeabi_dmul
                0x08000574                __muldf3
                0x080007c8                __aeabi_ddiv
                0x080007c8                __divdf3
 .text          0x08000998      0x110 /Applications/ArmGNUToolchain/14.2.rel1/arm-none-eabi/bin/../lib/gcc/arm-none-eabi/14.2.1/thumb/v7-m/nofp/libgcc.a(_arm_cmpdf2.o)
                0x08000998                __gedf2
                0x08000998                __gtdf2
                0x080009a0                __ledf2
                0x080009a0                __ltdf2
                0x080009a8                __cmpdf2
                0x080009a8                __eqdf2
                0x080009a8                __nedf2
                0x08000a24                __aeabi_cdrcmple
                0x08000a34                __aeabi_cdcmple
                0x08000a34                __aeabi_cdcmpeq
                0x08000a44                __aeabi_dcmpeq
                0x08000a58                __aeabi_dcmplt
                0x08000a6c                __aeabi_dcmple
                0x08000a80                __aeabi_dcmpge
                0x08000a94                __aeabi_dcmpgt
 .text          0x08000aa8       0x2c /Applications/ArmGNUToolchain/14.2.rel1/arm-none-eabi/bin/../lib/gcc/arm-none-eabi/14.2.1/thumb/v7-m/nofp/libgcc.a(_arm_unorddf2.o)
                0x08000aa8                __aeabi_dcmpun
                0x08000aa8                __unorddf2
 .text          0x08000ad4       0x50 /Applications/ArmGNUToolchain/14.2.rel1/arm-none-eabi/bin/../lib/gcc/arm-none-eabi/14.2.1/thumb/v7-m/nofp/libgcc.a(_arm_fixdfsi.o)
                0x08000ad4                __fixdfsi
                0x08000ad4                __aeabi_d2iz
 *(.text*)
 .text.deregister_tm_clones
                0x08000b24       0x1c /Applications/ArmGNUToolchain/14.2.rel1/arm-none-eabi/bin/../lib/gcc/arm-none-eabi/14.2.1/thumb/v7-m/nofp/crtbegin.o
 .text.register_tm_clones
                0x08000b40       0x24 /Applications/ArmGNUToolchain/14.2.rel1/arm-none-eabi/bin/../lib/gcc/arm-none-eabi/14.2.1/thumb/v7-m/nofp/crtbegin.o
 .text.__do_global_dtors_aux
                0x08000b64       0x28 /Applications/ArmGNUToolchain/14.2.rel1/arm-none-eabi/bin/../lib/gcc/arm-none-eabi/14.2.1/thumb/v7-m/nofp/crtbegin.o
 .text.frame_dummy
                0x08000b8c       0x24 /Applications/ArmGNUToolchain/14.2.rel1/arm-none-eabi/bin/../lib/gcc/arm-none-eabi/14.2.1/thumb/v7-m/nofp/crtbegin.o
 .text.MX_GPIO_Init
                0x08000bb0       0x7c CMakeFiles/Calendar.elf.dir/Core/Src/gpio.c.obj
                0x08000bb0                MX_GPIO_Init
 .text.MX_I2C1_Init
                0x08000c2c       0x3c CMakeFiles/Calendar.elf.dir/Core/Src/i2c.c.obj
                0x08000c2c                MX_I2C1_Init
 .text.HAL_I2C_MspInit
                0x08000c68       0x64 CMakeFiles/Calendar.elf.dir/Core/Src/i2c.c.obj
                0x08000c68                HAL_I2C_MspInit
 .text.Error_Handler
                0x08000ccc        0x4 CMakeFiles/Calendar.elf.dir/Core/Src/main.c.obj
                0x08000ccc                Error_Handler
 .text.SystemClock_Config
                0x08000cd0       0x86 CMakeFiles/Calendar.elf.dir/Core/Src/main.c.obj
                0x08000cd0                SystemClock_Config
 *fill*         0x08000d56        0x2 
 .text.main     0x08000d58       0x3c CMakeFiles/Calendar.elf.dir/Core/Src/main.c.obj
                0x08000d58                main
 .text.MX_RTC_Init
                0x08000d94       0x1c CMakeFiles/Calendar.elf.dir/Core/Src/rtc.c.obj
                0x08000d94                MX_RTC_Init
 .text.HAL_MspInit
                0x08000db0       0x44 CMakeFiles/Calendar.elf.dir/Core/Src/stm32f1xx_hal_msp.c.obj
                0x08000db0                HAL_MspInit
 .text.NMI_Handler
                0x08000df4        0x2 CMakeFiles/Calendar.elf.dir/Core/Src/stm32f1xx_it.c.obj
                0x08000df4                NMI_Handler
 .text.HardFault_Handler
                0x08000df6        0x2 CMakeFiles/Calendar.elf.dir/Core/Src/stm32f1xx_it.c.obj
                0x08000df6                HardFault_Handler
 .text.MemManage_Handler
                0x08000df8        0x2 CMakeFiles/Calendar.elf.dir/Core/Src/stm32f1xx_it.c.obj
                0x08000df8                MemManage_Handler
 .text.BusFault_Handler
                0x08000dfa        0x2 CMakeFiles/Calendar.elf.dir/Core/Src/stm32f1xx_it.c.obj
                0x08000dfa                BusFault_Handler
 .text.UsageFault_Handler
                0x08000dfc        0x2 CMakeFiles/Calendar.elf.dir/Core/Src/stm32f1xx_it.c.obj
                0x08000dfc                UsageFault_Handler
 .text.SVC_Handler
                0x08000dfe        0x2 CMakeFiles/Calendar.elf.dir/Core/Src/stm32f1xx_it.c.obj
                0x08000dfe                SVC_Handler
 .text.DebugMon_Handler
                0x08000e00        0x2 CMakeFiles/Calendar.elf.dir/Core/Src/stm32f1xx_it.c.obj
                0x08000e00                DebugMon_Handler
 .text.PendSV_Handler
                0x08000e02        0x2 CMakeFiles/Calendar.elf.dir/Core/Src/stm32f1xx_it.c.obj
                0x08000e02                PendSV_Handler
 .text.SysTick_Handler
                0x08000e04        0x8 CMakeFiles/Calendar.elf.dir/Core/Src/stm32f1xx_it.c.obj
                0x08000e04                SysTick_Handler
 .text._getpid  0x08000e0c        0x4 CMakeFiles/Calendar.elf.dir/Core/Src/syscalls.c.obj
                0x08000e0c                _getpid
 .text._kill    0x08000e10       0x10 CMakeFiles/Calendar.elf.dir/Core/Src/syscalls.c.obj
                0x08000e10                _kill
 .text._exit    0x08000e20        0xc CMakeFiles/Calendar.elf.dir/Core/Src/syscalls.c.obj
                0x08000e20                _exit
 .text._read    0x08000e2c       0x20 CMakeFiles/Calendar.elf.dir/Core/Src/syscalls.c.obj
                0x08000e2c                _read
 .text._write   0x08000e4c       0x1c CMakeFiles/Calendar.elf.dir/Core/Src/syscalls.c.obj
                0x08000e4c                _write
 .text._close   0x08000e68        0x6 CMakeFiles/Calendar.elf.dir/Core/Src/syscalls.c.obj
                0x08000e68                _close
 .text._fstat   0x08000e6e        0xa CMakeFiles/Calendar.elf.dir/Core/Src/syscalls.c.obj
                0x08000e6e                _fstat
 .text._isatty  0x08000e78        0x4 CMakeFiles/Calendar.elf.dir/Core/Src/syscalls.c.obj
                0x08000e78                _isatty
 .text._lseek   0x08000e7c        0x4 CMakeFiles/Calendar.elf.dir/Core/Src/syscalls.c.obj
                0x08000e7c                _lseek
 .text._sbrk    0x08000e80       0x48 CMakeFiles/Calendar.elf.dir/Core/Src/sysmem.c.obj
                0x08000e80                _sbrk
 .text.SystemInit
                0x08000ec8        0x2 CMakeFiles/Calendar.elf.dir/Core/Src/system_stm32f1xx.c.obj
                0x08000ec8                SystemInit
 *fill*         0x08000eca        0x2 
 .text.MX_TIM1_Init
                0x08000ecc       0x68 CMakeFiles/Calendar.elf.dir/Core/Src/tim.c.obj
                0x08000ecc                MX_TIM1_Init
 .text.HAL_TIM_Encoder_MspInit
                0x08000f34       0x5c CMakeFiles/Calendar.elf.dir/Core/Src/tim.c.obj
                0x08000f34                HAL_TIM_Encoder_MspInit
 .text.__io_putchar
                0x08000f90       0x20 CMakeFiles/Calendar.elf.dir/Core/Src/usart.c.obj
                0x08000f90                __io_putchar
 .text.MX_USART2_UART_Init
                0x08000fb0       0x34 CMakeFiles/Calendar.elf.dir/Core/Src/usart.c.obj
                0x08000fb0                MX_USART2_UART_Init
 .text.HAL_UART_MspInit
                0x08000fe4       0x78 CMakeFiles/Calendar.elf.dir/Core/Src/usart.c.obj
                0x08000fe4                HAL_UART_MspInit
 .text.Reset_Handler
                0x0800105c       0x48 CMakeFiles/Calendar.elf.dir/Core/Startup/startup_stm32f103c8tx.s.obj
                0x0800105c                Reset_Handler
 .text.Default_Handler
                0x080010a4        0x2 CMakeFiles/Calendar.elf.dir/Core/Startup/startup_stm32f103c8tx.s.obj
                0x080010a4                USBWakeUp_IRQHandler
                0x080010a4                EXTI2_IRQHandler
                0x080010a4                TIM1_CC_IRQHandler
                0x080010a4                PVD_IRQHandler
                0x080010a4                EXTI3_IRQHandler
                0x080010a4                EXTI0_IRQHandler
                0x080010a4                I2C2_EV_IRQHandler
                0x080010a4                ADC1_2_IRQHandler
                0x080010a4                SPI1_IRQHandler
                0x080010a4                TAMPER_IRQHandler
                0x080010a4                DMA1_Channel4_IRQHandler
                0x080010a4                USART3_IRQHandler
                0x080010a4                RTC_IRQHandler
                0x080010a4                DMA1_Channel7_IRQHandler
                0x080010a4                CAN1_RX1_IRQHandler
                0x080010a4                TIM4_IRQHandler
                0x080010a4                I2C1_EV_IRQHandler
                0x080010a4                DMA1_Channel6_IRQHandler
                0x080010a4                TIM3_IRQHandler
                0x080010a4                RCC_IRQHandler
                0x080010a4                TIM1_TRG_COM_IRQHandler
                0x080010a4                DMA1_Channel1_IRQHandler
                0x080010a4                Default_Handler
                0x080010a4                EXTI15_10_IRQHandler
                0x080010a4                EXTI9_5_IRQHandler
                0x080010a4                SPI2_IRQHandler
                0x080010a4                DMA1_Channel5_IRQHandler
                0x080010a4                EXTI4_IRQHandler
                0x080010a4                USB_LP_CAN1_RX0_IRQHandler
                0x080010a4                USB_HP_CAN1_TX_IRQHandler
                0x080010a4                DMA1_Channel3_IRQHandler
                0x080010a4                TIM1_UP_IRQHandler
                0x080010a4                WWDG_IRQHandler
                0x080010a4                TIM2_IRQHandler
                0x080010a4                TIM1_BRK_IRQHandler
                0x080010a4                EXTI1_IRQHandler
                0x080010a4                USART2_IRQHandler
                0x080010a4                I2C2_ER_IRQHandler
                0x080010a4                DMA1_Channel2_IRQHandler
                0x080010a4                CAN1_SCE_IRQHandler
                0x080010a4                FLASH_IRQHandler
                0x080010a4                USART1_IRQHandler
                0x080010a4                I2C1_ER_IRQHandler
                0x080010a4                RTC_Alarm_IRQHandler
 *fill*         0x080010a6        0x2 
 .text.HAL_InitTick
                0x080010a8       0x4c CMakeFiles/Calendar.elf.dir/Drivers/STM32F1xx_HAL_Driver/Src/stm32f1xx_hal.c.obj
                0x080010a8                HAL_InitTick
 .text.HAL_Init
                0x080010f4       0x24 CMakeFiles/Calendar.elf.dir/Drivers/STM32F1xx_HAL_Driver/Src/stm32f1xx_hal.c.obj
                0x080010f4                HAL_Init
 .text.HAL_IncTick
                0x08001118       0x18 CMakeFiles/Calendar.elf.dir/Drivers/STM32F1xx_HAL_Driver/Src/stm32f1xx_hal.c.obj
                0x08001118                HAL_IncTick
 .text.HAL_GetTick
                0x08001130        0xc CMakeFiles/Calendar.elf.dir/Drivers/STM32F1xx_HAL_Driver/Src/stm32f1xx_hal.c.obj
                0x08001130                HAL_GetTick
 .text.HAL_Delay
                0x0800113c       0x28 CMakeFiles/Calendar.elf.dir/Drivers/STM32F1xx_HAL_Driver/Src/stm32f1xx_hal.c.obj
                0x0800113c                HAL_Delay
 .text.__NVIC_SetPriority
                0x08001164       0x28 CMakeFiles/Calendar.elf.dir/Drivers/STM32F1xx_HAL_Driver/Src/stm32f1xx_hal_cortex.c.obj
 .text.NVIC_EncodePriority
                0x0800118c       0x3e CMakeFiles/Calendar.elf.dir/Drivers/STM32F1xx_HAL_Driver/Src/stm32f1xx_hal_cortex.c.obj
 *fill*         0x080011ca        0x2 
 .text.HAL_NVIC_SetPriorityGrouping
                0x080011cc       0x24 CMakeFiles/Calendar.elf.dir/Drivers/STM32F1xx_HAL_Driver/Src/stm32f1xx_hal_cortex.c.obj
                0x080011cc                HAL_NVIC_SetPriorityGrouping
 .text.HAL_NVIC_SetPriority
                0x080011f0       0x20 CMakeFiles/Calendar.elf.dir/Drivers/STM32F1xx_HAL_Driver/Src/stm32f1xx_hal_cortex.c.obj
                0x080011f0                HAL_NVIC_SetPriority
 .text.HAL_SYSTICK_Config
                0x08001210       0x28 CMakeFiles/Calendar.elf.dir/Drivers/STM32F1xx_HAL_Driver/Src/stm32f1xx_hal_cortex.c.obj
                0x08001210                HAL_SYSTICK_Config
 .text.HAL_GPIO_Init
                0x08001238      0x214 CMakeFiles/Calendar.elf.dir/Drivers/STM32F1xx_HAL_Driver/Src/stm32f1xx_hal_gpio.c.obj
                0x08001238                HAL_GPIO_Init
 .text.I2C_IsAcknowledgeFailed
                0x0800144c       0x32 CMakeFiles/Calendar.elf.dir/Drivers/STM32F1xx_HAL_Driver/Src/stm32f1xx_hal_i2c.c.obj
 .text.I2C_WaitOnFlagUntilTimeout
                0x0800147e       0xaa CMakeFiles/Calendar.elf.dir/Drivers/STM32F1xx_HAL_Driver/Src/stm32f1xx_hal_i2c.c.obj
 .text.I2C_WaitOnMasterAddressFlagUntilTimeout
                0x08001528       0xd6 CMakeFiles/Calendar.elf.dir/Drivers/STM32F1xx_HAL_Driver/Src/stm32f1xx_hal_i2c.c.obj
 .text.I2C_WaitOnTXEFlagUntilTimeout
                0x080015fe       0x5e CMakeFiles/Calendar.elf.dir/Drivers/STM32F1xx_HAL_Driver/Src/stm32f1xx_hal_i2c.c.obj
 .text.I2C_RequestMemoryWrite
                0x0800165c       0xd8 CMakeFiles/Calendar.elf.dir/Drivers/STM32F1xx_HAL_Driver/Src/stm32f1xx_hal_i2c.c.obj
 .text.I2C_WaitOnBTFFlagUntilTimeout
                0x08001734       0x5e CMakeFiles/Calendar.elf.dir/Drivers/STM32F1xx_HAL_Driver/Src/stm32f1xx_hal_i2c.c.obj
 *fill*         0x08001792        0x2 
 .text.HAL_I2C_Init
                0x08001794      0x1bc CMakeFiles/Calendar.elf.dir/Drivers/STM32F1xx_HAL_Driver/Src/stm32f1xx_hal_i2c.c.obj
                0x08001794                HAL_I2C_Init
 .text.HAL_I2C_Mem_Write
                0x08001950      0x160 CMakeFiles/Calendar.elf.dir/Drivers/STM32F1xx_HAL_Driver/Src/stm32f1xx_hal_i2c.c.obj
                0x08001950                HAL_I2C_Mem_Write
 .text.RCC_Delay
                0x08001ab0       0x2c CMakeFiles/Calendar.elf.dir/Drivers/STM32F1xx_HAL_Driver/Src/stm32f1xx_hal_rcc.c.obj
 .text.HAL_RCC_OscConfig
                0x08001adc      0x410 CMakeFiles/Calendar.elf.dir/Drivers/STM32F1xx_HAL_Driver/Src/stm32f1xx_hal_rcc.c.obj
                0x08001adc                HAL_RCC_OscConfig
 .text.HAL_RCC_GetSysClockFreq
                0x08001eec       0x54 CMakeFiles/Calendar.elf.dir/Drivers/STM32F1xx_HAL_Driver/Src/stm32f1xx_hal_rcc.c.obj
                0x08001eec                HAL_RCC_GetSysClockFreq
 .text.HAL_RCC_ClockConfig
                0x08001f40      0x16c CMakeFiles/Calendar.elf.dir/Drivers/STM32F1xx_HAL_Driver/Src/stm32f1xx_hal_rcc.c.obj
                0x08001f40                HAL_RCC_ClockConfig
 .text.HAL_RCC_GetHCLKFreq
                0x080020ac        0xc CMakeFiles/Calendar.elf.dir/Drivers/STM32F1xx_HAL_Driver/Src/stm32f1xx_hal_rcc.c.obj
                0x080020ac                HAL_RCC_GetHCLKFreq
 .text.HAL_RCC_GetPCLK1Freq
                0x080020b8       0x20 CMakeFiles/Calendar.elf.dir/Drivers/STM32F1xx_HAL_Driver/Src/stm32f1xx_hal_rcc.c.obj
                0x080020b8                HAL_RCC_GetPCLK1Freq
 .text.HAL_RCC_GetPCLK2Freq
                0x080020d8       0x20 CMakeFiles/Calendar.elf.dir/Drivers/STM32F1xx_HAL_Driver/Src/stm32f1xx_hal_rcc.c.obj
                0x080020d8                HAL_RCC_GetPCLK2Freq
 .text.HAL_RCCEx_PeriphCLKConfig
                0x080020f8      0x118 CMakeFiles/Calendar.elf.dir/Drivers/STM32F1xx_HAL_Driver/Src/stm32f1xx_hal_rcc_ex.c.obj
                0x080020f8                HAL_RCCEx_PeriphCLKConfig
 .text.TIM_Base_SetConfig
                0x08002210       0x84 CMakeFiles/Calendar.elf.dir/Drivers/STM32F1xx_HAL_Driver/Src/stm32f1xx_hal_tim.c.obj
                0x08002210                TIM_Base_SetConfig
 .text.HAL_TIM_Encoder_Init
                0x08002294       0xb6 CMakeFiles/Calendar.elf.dir/Drivers/STM32F1xx_HAL_Driver/Src/stm32f1xx_hal_tim.c.obj
                0x08002294                HAL_TIM_Encoder_Init
 *fill*         0x0800234a        0x2 
 .text.HAL_TIMEx_MasterConfigSynchronization
                0x0800234c       0x6c CMakeFiles/Calendar.elf.dir/Drivers/STM32F1xx_HAL_Driver/Src/stm32f1xx_hal_tim_ex.c.obj
                0x0800234c                HAL_TIMEx_MasterConfigSynchronization
 .text.UART_EndRxTransfer
                0x080023b8       0x5c CMakeFiles/Calendar.elf.dir/Drivers/STM32F1xx_HAL_Driver/Src/stm32f1xx_hal_uart.c.obj
 .text.UART_SetConfig
                0x08002414       0x94 CMakeFiles/Calendar.elf.dir/Drivers/STM32F1xx_HAL_Driver/Src/stm32f1xx_hal_uart.c.obj
 .text.UART_WaitOnFlagUntilTimeout
                0x080024a8       0x86 CMakeFiles/Calendar.elf.dir/Drivers/STM32F1xx_HAL_Driver/Src/stm32f1xx_hal_uart.c.obj
 .text.HAL_UART_Init
                0x0800252e       0x60 CMakeFiles/Calendar.elf.dir/Drivers/STM32F1xx_HAL_Driver/Src/stm32f1xx_hal_uart.c.obj
                0x0800252e                HAL_UART_Init
 .text.HAL_UART_Transmit
                0x0800258e       0xca CMakeFiles/Calendar.elf.dir/Drivers/STM32F1xx_HAL_Driver/Src/stm32f1xx_hal_uart.c.obj
                0x0800258e                HAL_UART_Transmit
 .text.OLED_WR_CMD
                0x08002658       0x2c CMakeFiles/Calendar.elf.dir/Lib/Src/oled.c.obj
                0x08002658                OLED_WR_CMD
 .text.OLED_Init
                0x08002684       0x24 CMakeFiles/Calendar.elf.dir/Lib/Src/oled.c.obj
                0x08002684                OLED_Init
 .text.OLED_WR_DATA
                0x080026a8       0x2c CMakeFiles/Calendar.elf.dir/Lib/Src/oled.c.obj
                0x080026a8                OLED_WR_DATA
 .text.OLED_Clear
                0x080026d4       0x3a CMakeFiles/Calendar.elf.dir/Lib/Src/oled.c.obj
                0x080026d4                OLED_Clear
 *fill*         0x0800270e        0x2 
 .text.printf   0x08002710       0x28 /Applications/ArmGNUToolchain/14.2.rel1/arm-none-eabi/bin/../lib/gcc/arm-none-eabi/14.2.1/../../../../arm-none-eabi/lib/thumb/v7-m/nofp/libc.a(libc_a-printf.o)
                0x08002710                printf
 .text.stdio_exit_handler
                0x08002738       0x18 /Applications/ArmGNUToolchain/14.2.rel1/arm-none-eabi/bin/../lib/gcc/arm-none-eabi/14.2.1/../../../../arm-none-eabi/lib/thumb/v7-m/nofp/libc.a(libc_a-findfp.o)
 .text.cleanup_stdio
                0x08002750       0x40 /Applications/ArmGNUToolchain/14.2.rel1/arm-none-eabi/bin/../lib/gcc/arm-none-eabi/14.2.1/../../../../arm-none-eabi/lib/thumb/v7-m/nofp/libc.a(libc_a-findfp.o)
 .text.global_stdio_init.part.0
                0x08002790       0xf0 /Applications/ArmGNUToolchain/14.2.rel1/arm-none-eabi/bin/../lib/gcc/arm-none-eabi/14.2.1/../../../../arm-none-eabi/lib/thumb/v7-m/nofp/libc.a(libc_a-findfp.o)
 .text.__sinit  0x08002880       0x3c /Applications/ArmGNUToolchain/14.2.rel1/arm-none-eabi/bin/../lib/gcc/arm-none-eabi/14.2.1/../../../../arm-none-eabi/lib/thumb/v7-m/nofp/libc.a(libc_a-findfp.o)
                0x08002880                __sinit
 .text.__sfp_lock_acquire
                0x080028bc        0xc /Applications/ArmGNUToolchain/14.2.rel1/arm-none-eabi/bin/../lib/gcc/arm-none-eabi/14.2.1/../../../../arm-none-eabi/lib/thumb/v7-m/nofp/libc.a(libc_a-findfp.o)
                0x080028bc                __sfp_lock_acquire
 .text.__sfp_lock_release
                0x080028c8        0xc /Applications/ArmGNUToolchain/14.2.rel1/arm-none-eabi/bin/../lib/gcc/arm-none-eabi/14.2.1/../../../../arm-none-eabi/lib/thumb/v7-m/nofp/libc.a(libc_a-findfp.o)
                0x080028c8                __sfp_lock_release
 .text.memset   0x080028d4       0x9c /Applications/ArmGNUToolchain/14.2.rel1/arm-none-eabi/bin/../lib/gcc/arm-none-eabi/14.2.1/../../../../arm-none-eabi/lib/thumb/v7-m/nofp/libc.a(libc_a-memset.o)
                0x080028d4                memset
 .text.__errno  0x08002970        0xc /Applications/ArmGNUToolchain/14.2.rel1/arm-none-eabi/bin/../lib/gcc/arm-none-eabi/14.2.1/../../../../arm-none-eabi/lib/thumb/v7-m/nofp/libc.a(libc_a-errno.o)
                0x08002970                __errno
 .text.__libc_init_array
                0x0800297c       0x50 /Applications/ArmGNUToolchain/14.2.rel1/arm-none-eabi/bin/../lib/gcc/arm-none-eabi/14.2.1/../../../../arm-none-eabi/lib/thumb/v7-m/nofp/libc.a(libc_a-init.o)
                0x0800297c                __libc_init_array
 .text.__retarget_lock_init_recursive
                0x080029cc        0x4 /Applications/ArmGNUToolchain/14.2.rel1/arm-none-eabi/bin/../lib/gcc/arm-none-eabi/14.2.1/../../../../arm-none-eabi/lib/thumb/v7-m/nofp/libc.a(libc_a-lock.o)
                0x080029cc                __retarget_lock_init_recursive
 .text.__retarget_lock_close_recursive
                0x080029d0        0x4 /Applications/ArmGNUToolchain/14.2.rel1/arm-none-eabi/bin/../lib/gcc/arm-none-eabi/14.2.1/../../../../arm-none-eabi/lib/thumb/v7-m/nofp/libc.a(libc_a-lock.o)
                0x080029d0                __retarget_lock_close_recursive
 .text.__retarget_lock_acquire_recursive
                0x080029d4        0x4 /Applications/ArmGNUToolchain/14.2.rel1/arm-none-eabi/bin/../lib/gcc/arm-none-eabi/14.2.1/../../../../arm-none-eabi/lib/thumb/v7-m/nofp/libc.a(libc_a-lock.o)
                0x080029d4                __retarget_lock_acquire_recursive
 .text.__retarget_lock_release_recursive
                0x080029d8        0x4 /Applications/ArmGNUToolchain/14.2.rel1/arm-none-eabi/bin/../lib/gcc/arm-none-eabi/14.2.1/../../../../arm-none-eabi/lib/thumb/v7-m/nofp/libc.a(libc_a-lock.o)
                0x080029d8                __retarget_lock_release_recursive
 .text.strlen   0x080029dc       0x5c /Applications/ArmGNUToolchain/14.2.rel1/arm-none-eabi/bin/../lib/gcc/arm-none-eabi/14.2.1/../../../../arm-none-eabi/lib/thumb/v7-m/nofp/libc.a(libc_a-strlen-stub.o)
                0x080029dc                strlen
 .text.startup.register_fini
                0x08002a38       0x14 /Applications/ArmGNUToolchain/14.2.rel1/arm-none-eabi/bin/../lib/gcc/arm-none-eabi/14.2.1/../../../../arm-none-eabi/lib/thumb/v7-m/nofp/libc.a(libc_a-__call_atexit.o)
 .text.atexit   0x08002a4c        0xc /Applications/ArmGNUToolchain/14.2.rel1/arm-none-eabi/bin/../lib/gcc/arm-none-eabi/14.2.1/../../../../arm-none-eabi/lib/thumb/v7-m/nofp/libc.a(libc_a-atexit.o)
                0x08002a4c                atexit
 .text._malloc_r
                0x08002a58      0x57c /Applications/ArmGNUToolchain/14.2.rel1/arm-none-eabi/bin/../lib/gcc/arm-none-eabi/14.2.1/../../../../arm-none-eabi/lib/thumb/v7-m/nofp/libc.a(libc_a-mallocr.o)
                0x08002a58                _malloc_r
 .text._vfprintf_r
                0x08002fd4     0x235c /Applications/ArmGNUToolchain/14.2.rel1/arm-none-eabi/bin/../lib/gcc/arm-none-eabi/14.2.1/../../../../arm-none-eabi/lib/thumb/v7-m/nofp/libc.a(libc_a-vfprintf.o)
                0x08002fd4                _vfprintf_r
 .text.__sbprintf
                0x08005330       0x84 /Applications/ArmGNUToolchain/14.2.rel1/arm-none-eabi/bin/../lib/gcc/arm-none-eabi/14.2.1/../../../../arm-none-eabi/lib/thumb/v7-m/nofp/libc.a(libc_a-vfprintf.o)
 .text.__malloc_lock
                0x080053b4        0xc /Applications/ArmGNUToolchain/14.2.rel1/arm-none-eabi/bin/../lib/gcc/arm-none-eabi/14.2.1/../../../../arm-none-eabi/lib/thumb/v7-m/nofp/libc.a(libc_a-mlock.o)
                0x080053b4                __malloc_lock
 .text.__malloc_unlock
                0x080053c0        0xc /Applications/ArmGNUToolchain/14.2.rel1/arm-none-eabi/bin/../lib/gcc/arm-none-eabi/14.2.1/../../../../arm-none-eabi/lib/thumb/v7-m/nofp/libc.a(libc_a-mlock.o)
                0x080053c0                __malloc_unlock
 .text._fwalk_sglue
                0x080053cc       0x44 /Applications/ArmGNUToolchain/14.2.rel1/arm-none-eabi/bin/../lib/gcc/arm-none-eabi/14.2.1/../../../../arm-none-eabi/lib/thumb/v7-m/nofp/libc.a(libc_a-fwalk.o)
                0x080053cc                _fwalk_sglue
 .text._realloc_r
                0x08005410      0x350 /Applications/ArmGNUToolchain/14.2.rel1/arm-none-eabi/bin/../lib/gcc/arm-none-eabi/14.2.1/../../../../arm-none-eabi/lib/thumb/v7-m/nofp/libc.a(libc_a-reallocr.o)
                0x08005410                _realloc_r
 .text.__sprint_r
                0x08005760       0x20 /Applications/ArmGNUToolchain/14.2.rel1/arm-none-eabi/bin/../lib/gcc/arm-none-eabi/14.2.1/../../../../arm-none-eabi/lib/thumb/v7-m/nofp/libc.a(libc_a-sprint_r.o)
                0x08005760                __sprint_r
 .text._fclose_r
                0x08005780       0xc0 /Applications/ArmGNUToolchain/14.2.rel1/arm-none-eabi/bin/../lib/gcc/arm-none-eabi/14.2.1/../../../../arm-none-eabi/lib/thumb/v7-m/nofp/libc.a(libc_a-fclose.o)
                0x08005780                _fclose_r
 .text.__sflush_r
                0x08005840      0x124 /Applications/ArmGNUToolchain/14.2.rel1/arm-none-eabi/bin/../lib/gcc/arm-none-eabi/14.2.1/../../../../arm-none-eabi/lib/thumb/v7-m/nofp/libc.a(libc_a-fflush.o)
                0x08005840                __sflush_r
 .text._fflush_r
                0x08005964       0x54 /Applications/ArmGNUToolchain/14.2.rel1/arm-none-eabi/bin/../lib/gcc/arm-none-eabi/14.2.1/../../../../arm-none-eabi/lib/thumb/v7-m/nofp/libc.a(libc_a-fflush.o)
                0x08005964                _fflush_r
 .text.__sread  0x080059b8       0x24 /Applications/ArmGNUToolchain/14.2.rel1/arm-none-eabi/bin/../lib/gcc/arm-none-eabi/14.2.1/../../../../arm-none-eabi/lib/thumb/v7-m/nofp/libc.a(libc_a-stdio.o)
                0x080059b8                __sread
 .text.__swrite
                0x080059dc       0x40 /Applications/ArmGNUToolchain/14.2.rel1/arm-none-eabi/bin/../lib/gcc/arm-none-eabi/14.2.1/../../../../arm-none-eabi/lib/thumb/v7-m/nofp/libc.a(libc_a-stdio.o)
                0x080059dc                __swrite
 .text.__sseek  0x08005a1c       0x24 /Applications/ArmGNUToolchain/14.2.rel1/arm-none-eabi/bin/../lib/gcc/arm-none-eabi/14.2.1/../../../../arm-none-eabi/lib/thumb/v7-m/nofp/libc.a(libc_a-stdio.o)
                0x08005a1c                __sseek
 .text.__sclose
                0x08005a40        0x8 /Applications/ArmGNUToolchain/14.2.rel1/arm-none-eabi/bin/../lib/gcc/arm-none-eabi/14.2.1/../../../../arm-none-eabi/lib/thumb/v7-m/nofp/libc.a(libc_a-stdio.o)
                0x08005a40                __sclose
 .text.__swsetup_r
                0x08005a48       0xfc /Applications/ArmGNUToolchain/14.2.rel1/arm-none-eabi/bin/../lib/gcc/arm-none-eabi/14.2.1/../../../../arm-none-eabi/lib/thumb/v7-m/nofp/libc.a(libc_a-wsetup.o)
                0x08005a48                __swsetup_r
 .text.memmove  0x08005b44       0xfc /Applications/ArmGNUToolchain/14.2.rel1/arm-none-eabi/bin/../lib/gcc/arm-none-eabi/14.2.1/../../../../arm-none-eabi/lib/thumb/v7-m/nofp/libc.a(libc_a-memmove.o)
                0x08005b44                memmove
 .text.strncpy  0x08005c40       0x6c /Applications/ArmGNUToolchain/14.2.rel1/arm-none-eabi/bin/../lib/gcc/arm-none-eabi/14.2.1/../../../../arm-none-eabi/lib/thumb/v7-m/nofp/libc.a(libc_a-strncpy.o)
                0x08005c40                strncpy
 .text.__locale_mb_cur_max
                0x08005cac        0xc /Applications/ArmGNUToolchain/14.2.rel1/arm-none-eabi/bin/../lib/gcc/arm-none-eabi/14.2.1/../../../../arm-none-eabi/lib/thumb/v7-m/nofp/libc.a(libc_a-locale.o)
                0x08005cac                __locale_mb_cur_max
 .text._localeconv_r
                0x08005cb8        0x8 /Applications/ArmGNUToolchain/14.2.rel1/arm-none-eabi/bin/../lib/gcc/arm-none-eabi/14.2.1/../../../../arm-none-eabi/lib/thumb/v7-m/nofp/libc.a(libc_a-localeconv.o)
                0x08005cb8                _localeconv_r
 .text._close_r
                0x08005cc0       0x24 /Applications/ArmGNUToolchain/14.2.rel1/arm-none-eabi/bin/../lib/gcc/arm-none-eabi/14.2.1/../../../../arm-none-eabi/lib/thumb/v7-m/nofp/libc.a(libc_a-closer.o)
                0x08005cc0                _close_r
 .text._lseek_r
                0x08005ce4       0x2c /Applications/ArmGNUToolchain/14.2.rel1/arm-none-eabi/bin/../lib/gcc/arm-none-eabi/14.2.1/../../../../arm-none-eabi/lib/thumb/v7-m/nofp/libc.a(libc_a-lseekr.o)
                0x08005ce4                _lseek_r
 .text._read_r  0x08005d10       0x2c /Applications/ArmGNUToolchain/14.2.rel1/arm-none-eabi/bin/../lib/gcc/arm-none-eabi/14.2.1/../../../../arm-none-eabi/lib/thumb/v7-m/nofp/libc.a(libc_a-readr.o)
                0x08005d10                _read_r
 .text._sbrk_r  0x08005d3c       0x24 /Applications/ArmGNUToolchain/14.2.rel1/arm-none-eabi/bin/../lib/gcc/arm-none-eabi/14.2.1/../../../../arm-none-eabi/lib/thumb/v7-m/nofp/libc.a(libc_a-sbrkr.o)
                0x08005d3c                _sbrk_r
 .text._write_r
                0x08005d60       0x2c /Applications/ArmGNUToolchain/14.2.rel1/arm-none-eabi/bin/../lib/gcc/arm-none-eabi/14.2.1/../../../../arm-none-eabi/lib/thumb/v7-m/nofp/libc.a(libc_a-writer.o)
                0x08005d60                _write_r
 .text.sysconf  0x08005d8c       0x1c /Applications/ArmGNUToolchain/14.2.rel1/arm-none-eabi/bin/../lib/gcc/arm-none-eabi/14.2.1/../../../../arm-none-eabi/lib/thumb/v7-m/nofp/libc.a(libc_a-sysconf.o)
                0x08005d8c                sysconf
 .text.__libc_fini_array
                0x08005da8       0x28 /Applications/ArmGNUToolchain/14.2.rel1/arm-none-eabi/bin/../lib/gcc/arm-none-eabi/14.2.1/../../../../arm-none-eabi/lib/thumb/v7-m/nofp/libc.a(libc_a-fini.o)
                0x08005da8                __libc_fini_array
 .text.memchr   0x08005dd0       0x80 /Applications/ArmGNUToolchain/14.2.rel1/arm-none-eabi/bin/../lib/gcc/arm-none-eabi/14.2.1/../../../../arm-none-eabi/lib/thumb/v7-m/nofp/libc.a(libc_a-memchr-stub.o)
                0x08005dd0                memchr
 .text._wcrtomb_r
                0x08005e50       0x4c /Applications/ArmGNUToolchain/14.2.rel1/arm-none-eabi/bin/../lib/gcc/arm-none-eabi/14.2.1/../../../../arm-none-eabi/lib/thumb/v7-m/nofp/libc.a(libc_a-wcrtomb.o)
                0x08005e50                _wcrtomb_r
 .text._wcsrtombs_r
                0x08005e9c       0x18 /Applications/ArmGNUToolchain/14.2.rel1/arm-none-eabi/bin/../lib/gcc/arm-none-eabi/14.2.1/../../../../arm-none-eabi/lib/thumb/v7-m/nofp/libc.a(libc_a-wcsrtombs.o)
                0x08005e9c                _wcsrtombs_r
 .text.__register_exitproc
                0x08005eb4       0x80 /Applications/ArmGNUToolchain/14.2.rel1/arm-none-eabi/bin/../lib/gcc/arm-none-eabi/14.2.1/../../../../arm-none-eabi/lib/thumb/v7-m/nofp/libc.a(libc_a-__atexit.o)
                0x08005eb4                __register_exitproc
 .text.frexp    0x08005f34       0x6c /Applications/ArmGNUToolchain/14.2.rel1/arm-none-eabi/bin/../lib/gcc/arm-none-eabi/14.2.1/../../../../arm-none-eabi/lib/thumb/v7-m/nofp/libc.a(libm_a-s_frexp.o)
                0x08005f34                frexp
 .text.quorem   0x08005fa0      0x13c /Applications/ArmGNUToolchain/14.2.rel1/arm-none-eabi/bin/../lib/gcc/arm-none-eabi/14.2.1/../../../../arm-none-eabi/lib/thumb/v7-m/nofp/libc.a(libc_a-dtoa.o)
 *fill*         0x080060dc        0x4 
 .text._dtoa_r  0x080060e0     0x1030 /Applications/ArmGNUToolchain/14.2.rel1/arm-none-eabi/bin/../lib/gcc/arm-none-eabi/14.2.1/../../../../arm-none-eabi/lib/thumb/v7-m/nofp/libc.a(libc_a-dtoa.o)
                0x080060e0                _dtoa_r
 .text._malloc_trim_r
                0x08007110       0xb8 /Applications/ArmGNUToolchain/14.2.rel1/arm-none-eabi/bin/../lib/gcc/arm-none-eabi/14.2.1/../../../../arm-none-eabi/lib/thumb/v7-m/nofp/libc.a(libc_a-freer.o)
                0x08007110                _malloc_trim_r
 .text._free_r  0x080071c8      0x1e8 /Applications/ArmGNUToolchain/14.2.rel1/arm-none-eabi/bin/../lib/gcc/arm-none-eabi/14.2.1/../../../../arm-none-eabi/lib/thumb/v7-m/nofp/libc.a(libc_a-freer.o)
                0x080071c8                _free_r
 .text.__ascii_mbtowc
                0x080073b0       0x2c /Applications/ArmGNUToolchain/14.2.rel1/arm-none-eabi/bin/../lib/gcc/arm-none-eabi/14.2.1/../../../../arm-none-eabi/lib/thumb/v7-m/nofp/libc.a(libc_a-mbtowc_r.o)
                0x080073b0                __ascii_mbtowc
 .text.__sfvwrite_r
                0x080073dc      0x2d8 /Applications/ArmGNUToolchain/14.2.rel1/arm-none-eabi/bin/../lib/gcc/arm-none-eabi/14.2.1/../../../../arm-none-eabi/lib/thumb/v7-m/nofp/libc.a(libc_a-fvwrite.o)
                0x080073dc                __sfvwrite_r
 .text._Balloc  0x080076b4       0x4c /Applications/ArmGNUToolchain/14.2.rel1/arm-none-eabi/bin/../lib/gcc/arm-none-eabi/14.2.1/../../../../arm-none-eabi/lib/thumb/v7-m/nofp/libc.a(libc_a-mprec.o)
                0x080076b4                _Balloc
 .text._Bfree   0x08007700       0x14 /Applications/ArmGNUToolchain/14.2.rel1/arm-none-eabi/bin/../lib/gcc/arm-none-eabi/14.2.1/../../../../arm-none-eabi/lib/thumb/v7-m/nofp/libc.a(libc_a-mprec.o)
                0x08007700                _Bfree
 .text.__multadd
                0x08007714       0xa4 /Applications/ArmGNUToolchain/14.2.rel1/arm-none-eabi/bin/../lib/gcc/arm-none-eabi/14.2.1/../../../../arm-none-eabi/lib/thumb/v7-m/nofp/libc.a(libc_a-mprec.o)
                0x08007714                __multadd
 .text.__hi0bits
                0x080077b8       0x54 /Applications/ArmGNUToolchain/14.2.rel1/arm-none-eabi/bin/../lib/gcc/arm-none-eabi/14.2.1/../../../../arm-none-eabi/lib/thumb/v7-m/nofp/libc.a(libc_a-mprec.o)
                0x080077b8                __hi0bits
 .text.__lo0bits
                0x0800780c       0x7c /Applications/ArmGNUToolchain/14.2.rel1/arm-none-eabi/bin/../lib/gcc/arm-none-eabi/14.2.1/../../../../arm-none-eabi/lib/thumb/v7-m/nofp/libc.a(libc_a-mprec.o)
                0x0800780c                __lo0bits
 .text.__i2b    0x08007888       0x5c /Applications/ArmGNUToolchain/14.2.rel1/arm-none-eabi/bin/../lib/gcc/arm-none-eabi/14.2.1/../../../../arm-none-eabi/lib/thumb/v7-m/nofp/libc.a(libc_a-mprec.o)
                0x08007888                __i2b
 .text.__multiply
                0x080078e4      0x168 /Applications/ArmGNUToolchain/14.2.rel1/arm-none-eabi/bin/../lib/gcc/arm-none-eabi/14.2.1/../../../../arm-none-eabi/lib/thumb/v7-m/nofp/libc.a(libc_a-mprec.o)
                0x080078e4                __multiply
 .text.__pow5mult
                0x08007a4c       0xc0 /Applications/ArmGNUToolchain/14.2.rel1/arm-none-eabi/bin/../lib/gcc/arm-none-eabi/14.2.1/../../../../arm-none-eabi/lib/thumb/v7-m/nofp/libc.a(libc_a-mprec.o)
                0x08007a4c                __pow5mult
 .text.__lshift
                0x08007b0c       0xe8 /Applications/ArmGNUToolchain/14.2.rel1/arm-none-eabi/bin/../lib/gcc/arm-none-eabi/14.2.1/../../../../arm-none-eabi/lib/thumb/v7-m/nofp/libc.a(libc_a-mprec.o)
                0x08007b0c                __lshift
 .text.__mcmp   0x08007bf4       0x40 /Applications/ArmGNUToolchain/14.2.rel1/arm-none-eabi/bin/../lib/gcc/arm-none-eabi/14.2.1/../../../../arm-none-eabi/lib/thumb/v7-m/nofp/libc.a(libc_a-mprec.o)
                0x08007bf4                __mcmp
 .text.__mdiff  0x08007c34      0x164 /Applications/ArmGNUToolchain/14.2.rel1/arm-none-eabi/bin/../lib/gcc/arm-none-eabi/14.2.1/../../../../arm-none-eabi/lib/thumb/v7-m/nofp/libc.a(libc_a-mprec.o)
                0x08007c34                __mdiff
 .text.__d2b    0x08007d98       0xb8 /Applications/ArmGNUToolchain/14.2.rel1/arm-none-eabi/bin/../lib/gcc/arm-none-eabi/14.2.1/../../../../arm-none-eabi/lib/thumb/v7-m/nofp/libc.a(libc_a-mprec.o)
                0x08007d98                __d2b
 .text.__smakebuf_r
                0x08007e50       0xd0 /Applications/ArmGNUToolchain/14.2.rel1/arm-none-eabi/bin/../lib/gcc/arm-none-eabi/14.2.1/../../../../arm-none-eabi/lib/thumb/v7-m/nofp/libc.a(libc_a-makebuf.o)
                0x08007e50                __smakebuf_r
 .text.__ascii_wctomb
                0x08007f20       0x1c /Applications/ArmGNUToolchain/14.2.rel1/arm-none-eabi/bin/../lib/gcc/arm-none-eabi/14.2.1/../../../../arm-none-eabi/lib/thumb/v7-m/nofp/libc.a(libc_a-wctomb_r.o)
                0x08007f20                __ascii_wctomb
 .text._fstat_r
                0x08007f3c       0x28 /Applications/ArmGNUToolchain/14.2.rel1/arm-none-eabi/bin/../lib/gcc/arm-none-eabi/14.2.1/../../../../arm-none-eabi/lib/thumb/v7-m/nofp/libc.a(libc_a-fstatr.o)
                0x08007f3c                _fstat_r
 .text._isatty_r
                0x08007f64       0x24 /Applications/ArmGNUToolchain/14.2.rel1/arm-none-eabi/bin/../lib/gcc/arm-none-eabi/14.2.1/../../../../arm-none-eabi/lib/thumb/v7-m/nofp/libc.a(libc_a-isattyr.o)
                0x08007f64                _isatty_r
 .text._wcsnrtombs_l
                0x08007f88       0xf0 /Applications/ArmGNUToolchain/14.2.rel1/arm-none-eabi/bin/../lib/gcc/arm-none-eabi/14.2.1/../../../../arm-none-eabi/lib/thumb/v7-m/nofp/libc.a(libc_a-wcsnrtombs.o)
                0x08007f88                _wcsnrtombs_l
 .text._wcsnrtombs_r
                0x08008078       0x24 /Applications/ArmGNUToolchain/14.2.rel1/arm-none-eabi/bin/../lib/gcc/arm-none-eabi/14.2.1/../../../../arm-none-eabi/lib/thumb/v7-m/nofp/libc.a(libc_a-wcsnrtombs.o)
                0x08008078                _wcsnrtombs_r
 .text.__assert_func
                0x0800809c       0x40 /Applications/ArmGNUToolchain/14.2.rel1/arm-none-eabi/bin/../lib/gcc/arm-none-eabi/14.2.1/../../../../arm-none-eabi/lib/thumb/v7-m/nofp/libc.a(libc_a-assert.o)
                0x0800809c                __assert_func
 .text._calloc_r
                0x080080dc       0x6c /Applications/ArmGNUToolchain/14.2.rel1/arm-none-eabi/bin/../lib/gcc/arm-none-eabi/14.2.1/../../../../arm-none-eabi/lib/thumb/v7-m/nofp/libc.a(libc_a-callocr.o)
                0x080080dc                _calloc_r
 .text.fiprintf
                0x08008148       0x28 /Applications/ArmGNUToolchain/14.2.rel1/arm-none-eabi/bin/../lib/gcc/arm-none-eabi/14.2.1/../../../../arm-none-eabi/lib/thumb/v7-m/nofp/libc.a(libc_a-fiprintf.o)
                0x08008148                fiprintf
 .text._vfiprintf_r
                0x08008170     0x1238 /Applications/ArmGNUToolchain/14.2.rel1/arm-none-eabi/bin/../lib/gcc/arm-none-eabi/14.2.1/../../../../arm-none-eabi/lib/thumb/v7-m/nofp/libc.a(libc_a-vfiprintf.o)
                0x08008170                _vfiprintf_r
 .text.__sbprintf
                0x080093a8       0x84 /Applications/ArmGNUToolchain/14.2.rel1/arm-none-eabi/bin/../lib/gcc/arm-none-eabi/14.2.1/../../../../arm-none-eabi/lib/thumb/v7-m/nofp/libc.a(libc_a-vfiprintf.o)
 .text.abort    0x0800942c       0x10 /Applications/ArmGNUToolchain/14.2.rel1/arm-none-eabi/bin/../lib/gcc/arm-none-eabi/14.2.1/../../../../arm-none-eabi/lib/thumb/v7-m/nofp/libc.a(libc_a-abort.o)
                0x0800942c                abort
 .text.raise    0x0800943c       0x58 /Applications/ArmGNUToolchain/14.2.rel1/arm-none-eabi/bin/../lib/gcc/arm-none-eabi/14.2.1/../../../../arm-none-eabi/lib/thumb/v7-m/nofp/libc.a(libc_a-signal.o)
                0x0800943c                raise
 .text._kill_r  0x08009494       0x28 /Applications/ArmGNUToolchain/14.2.rel1/arm-none-eabi/bin/../lib/gcc/arm-none-eabi/14.2.1/../../../../arm-none-eabi/lib/thumb/v7-m/nofp/libc.a(libc_a-signalr.o)
                0x08009494                _kill_r
 .text._getpid_r
                0x080094bc        0x4 /Applications/ArmGNUToolchain/14.2.rel1/arm-none-eabi/bin/../lib/gcc/arm-none-eabi/14.2.1/../../../../arm-none-eabi/lib/thumb/v7-m/nofp/libc.a(libc_a-signalr.o)
                0x080094bc                _getpid_r
 *(.glue_7)
 .glue_7        0x080094c0        0x0 linker stubs
 *(.glue_7t)
 .glue_7t       0x080094c0        0x0 linker stubs
 *(.eh_frame)
 .eh_frame      0x080094c0        0x0 /Applications/ArmGNUToolchain/14.2.rel1/arm-none-eabi/bin/../lib/gcc/arm-none-eabi/14.2.1/thumb/v7-m/nofp/crtbegin.o
 *(.init)
 .init          0x080094c0        0x4 /Applications/ArmGNUToolchain/14.2.rel1/arm-none-eabi/bin/../lib/gcc/arm-none-eabi/14.2.1/thumb/v7-m/nofp/crti.o
                0x080094c0                _init
 .init          0x080094c4        0x8 /Applications/ArmGNUToolchain/14.2.rel1/arm-none-eabi/bin/../lib/gcc/arm-none-eabi/14.2.1/thumb/v7-m/nofp/crtn.o
 *(.fini)
 .fini          0x080094cc        0x4 /Applications/ArmGNUToolchain/14.2.rel1/arm-none-eabi/bin/../lib/gcc/arm-none-eabi/14.2.1/thumb/v7-m/nofp/crti.o
                0x080094cc                _fini
 .fini          0x080094d0        0x8 /Applications/ArmGNUToolchain/14.2.rel1/arm-none-eabi/bin/../lib/gcc/arm-none-eabi/14.2.1/thumb/v7-m/nofp/crtn.o
                0x080094d8                        . = ALIGN (0x4)
                0x080094d8                        _etext = .

.vfp11_veneer   0x080094d8        0x0
 .vfp11_veneer  0x080094d8        0x0 linker stubs

.v4_bx          0x080094d8        0x0
 .v4_bx         0x080094d8        0x0 linker stubs

.iplt           0x080094d8        0x0
 .iplt          0x080094d8        0x0 /Applications/ArmGNUToolchain/14.2.rel1/arm-none-eabi/bin/../lib/gcc/arm-none-eabi/14.2.1/thumb/v7-m/nofp/crtbegin.o

.rodata         0x080094d8      0x438
                0x080094d8                        . = ALIGN (0x4)
 *(.rodata)
 *(.rodata*)
 .rodata.main.str1.4
                0x080094d8      0x1c7 CMakeFiles/Calendar.elf.dir/Core/Src/main.c.obj
                                  0xf (size before relaxing)
 *fill*         0x0800969f        0x1 
 .rodata.APBPrescTable
                0x080096a0        0x8 CMakeFiles/Calendar.elf.dir/Core/Src/system_stm32f1xx.c.obj
                0x080096a0                APBPrescTable
 .rodata.AHBPrescTable
                0x080096a8       0x10 CMakeFiles/Calendar.elf.dir/Core/Src/system_stm32f1xx.c.obj
                0x080096a8                AHBPrescTable
 .rodata.aPredivFactorTable.0
                0x080096b8        0x2 CMakeFiles/Calendar.elf.dir/Drivers/STM32F1xx_HAL_Driver/Src/stm32f1xx_hal_rcc.c.obj
 *fill*         0x080096ba        0x2 
 .rodata.aPLLMULFactorTable.1
                0x080096bc       0x10 CMakeFiles/Calendar.elf.dir/Drivers/STM32F1xx_HAL_Driver/Src/stm32f1xx_hal_rcc.c.obj
 .rodata._vfprintf_r.str1.4
                0x080096cc       0x42 /Applications/ArmGNUToolchain/14.2.rel1/arm-none-eabi/bin/../lib/gcc/arm-none-eabi/14.2.1/../../../../arm-none-eabi/lib/thumb/v7-m/nofp/libc.a(libc_a-vfprintf.o)
 .rodata.zeroes.0
                0x080096cc       0x10 /Applications/ArmGNUToolchain/14.2.rel1/arm-none-eabi/bin/../lib/gcc/arm-none-eabi/14.2.1/../../../../arm-none-eabi/lib/thumb/v7-m/nofp/libc.a(libc_a-vfprintf.o)
 .rodata.blanks.1
                0x080096dc       0x10 /Applications/ArmGNUToolchain/14.2.rel1/arm-none-eabi/bin/../lib/gcc/arm-none-eabi/14.2.1/../../../../arm-none-eabi/lib/thumb/v7-m/nofp/libc.a(libc_a-vfprintf.o)
 .rodata.str1.4
                0x080096ec       0x4c /Applications/ArmGNUToolchain/14.2.rel1/arm-none-eabi/bin/../lib/gcc/arm-none-eabi/14.2.1/../../../../arm-none-eabi/lib/thumb/v7-m/nofp/libc.a(libc_a-locale.o)
 .rodata._ctype_
                0x080096ec      0x101 /Applications/ArmGNUToolchain/14.2.rel1/arm-none-eabi/bin/../lib/gcc/arm-none-eabi/14.2.1/../../../../arm-none-eabi/lib/thumb/v7-m/nofp/libc.a(libc_a-ctype_.o)
                0x080096ec                _ctype_
 .rodata._dtoa_r.str1.4
                0x080097ed       0x89 /Applications/ArmGNUToolchain/14.2.rel1/arm-none-eabi/bin/../lib/gcc/arm-none-eabi/14.2.1/../../../../arm-none-eabi/lib/thumb/v7-m/nofp/libc.a(libc_a-dtoa.o)
 .rodata.__multadd.str1.4
                0x080097ed       0x76 /Applications/ArmGNUToolchain/14.2.rel1/arm-none-eabi/bin/../lib/gcc/arm-none-eabi/14.2.1/../../../../arm-none-eabi/lib/thumb/v7-m/nofp/libc.a(libc_a-mprec.o)
 *fill*         0x080097ed        0x3 
 .rodata.p05.0  0x080097f0        0xc /Applications/ArmGNUToolchain/14.2.rel1/arm-none-eabi/bin/../lib/gcc/arm-none-eabi/14.2.1/../../../../arm-none-eabi/lib/thumb/v7-m/nofp/libc.a(libc_a-mprec.o)
 *fill*         0x080097fc        0x4 
 .rodata.__mprec_bigtens
                0x08009800       0x28 /Applications/ArmGNUToolchain/14.2.rel1/arm-none-eabi/bin/../lib/gcc/arm-none-eabi/14.2.1/../../../../arm-none-eabi/lib/thumb/v7-m/nofp/libc.a(libc_a-mprec.o)
                0x08009800                __mprec_bigtens
 .rodata.__mprec_tens
                0x08009828       0xc8 /Applications/ArmGNUToolchain/14.2.rel1/arm-none-eabi/bin/../lib/gcc/arm-none-eabi/14.2.1/../../../../arm-none-eabi/lib/thumb/v7-m/nofp/libc.a(libc_a-mprec.o)
                0x08009828                __mprec_tens
 .rodata.__assert_func.str1.4
                0x080098f0       0x43 /Applications/ArmGNUToolchain/14.2.rel1/arm-none-eabi/bin/../lib/gcc/arm-none-eabi/14.2.1/../../../../arm-none-eabi/lib/thumb/v7-m/nofp/libc.a(libc_a-assert.o)
 .rodata._vfiprintf_r.str1.4
                0x080098f0       0x2f /Applications/ArmGNUToolchain/14.2.rel1/arm-none-eabi/bin/../lib/gcc/arm-none-eabi/14.2.1/../../../../arm-none-eabi/lib/thumb/v7-m/nofp/libc.a(libc_a-vfiprintf.o)
 .rodata.zeroes.0
                0x080098f0       0x10 /Applications/ArmGNUToolchain/14.2.rel1/arm-none-eabi/bin/../lib/gcc/arm-none-eabi/14.2.1/../../../../arm-none-eabi/lib/thumb/v7-m/nofp/libc.a(libc_a-vfiprintf.o)
 .rodata.blanks.1
                0x08009900       0x10 /Applications/ArmGNUToolchain/14.2.rel1/arm-none-eabi/bin/../lib/gcc/arm-none-eabi/14.2.1/../../../../arm-none-eabi/lib/thumb/v7-m/nofp/libc.a(libc_a-vfiprintf.o)
                0x08009934                        . = ALIGN (0x4)

.ARM.extab      0x08009910        0x0
                0x08009910                        . = ALIGN (0x4)
 *(.ARM.extab* .gnu.linkonce.armextab.*)
                0x08009910                        . = ALIGN (0x4)

.ARM            0x08009910        0x8
                0x08009910                        . = ALIGN (0x4)
                0x08009910                        __exidx_start = .
 *(.ARM.exidx*)
 .ARM.exidx     0x08009910        0x8 /Applications/ArmGNUToolchain/14.2.rel1/arm-none-eabi/bin/../lib/gcc/arm-none-eabi/14.2.1/../../../../arm-none-eabi/lib/thumb/v7-m/nofp/libc.a(libc_a-memcpy.o)
                0x08009918                        __exidx_end = .
                0x08009918                        . = ALIGN (0x4)

.preinit_array  0x08009918        0x0
                0x08009918                        . = ALIGN (0x4)
                0x08009918                        PROVIDE (__preinit_array_start = .)
 *(.preinit_array*)
                0x08009918                        PROVIDE (__preinit_array_end = .)
                0x08009918                        . = ALIGN (0x4)

.init_array     0x08009918        0x8
                0x08009918                        . = ALIGN (0x4)
                0x08009918                        PROVIDE (__init_array_start = .)
 *(SORT_BY_NAME(.init_array.*))
 .init_array.00000
                0x08009918        0x4 /Applications/ArmGNUToolchain/14.2.rel1/arm-none-eabi/bin/../lib/gcc/arm-none-eabi/14.2.1/../../../../arm-none-eabi/lib/thumb/v7-m/nofp/libc.a(libc_a-__call_atexit.o)
 *(.init_array*)
 .init_array    0x0800991c        0x4 /Applications/ArmGNUToolchain/14.2.rel1/arm-none-eabi/bin/../lib/gcc/arm-none-eabi/14.2.1/thumb/v7-m/nofp/crtbegin.o
                0x08009920                        PROVIDE (__init_array_end = .)
                0x08009920                        . = ALIGN (0x4)

.fini_array     0x08009920        0x4
                0x08009920                        . = ALIGN (0x4)
                0x08009920                        PROVIDE (__fini_array_start = .)
 *(SORT_BY_NAME(.fini_array.*))
 *(.fini_array*)
 .fini_array    0x08009920        0x4 /Applications/ArmGNUToolchain/14.2.rel1/arm-none-eabi/bin/../lib/gcc/arm-none-eabi/14.2.1/thumb/v7-m/nofp/crtbegin.o
                0x08009924                        PROVIDE (__fini_array_end = .)
                0x08009924                        . = ALIGN (0x4)
                0x08009924                        _sidata = LOADADDR (.data)

.rel.dyn        0x08009924        0x0
 .rel.iplt      0x08009924        0x0 /Applications/ArmGNUToolchain/14.2.rel1/arm-none-eabi/bin/../lib/gcc/arm-none-eabi/14.2.1/thumb/v7-m/nofp/crtbegin.o

.data           0x20000000      0x6fc load address 0x08009924
                0x20000000                        . = ALIGN (0x4)
                0x20000000                        _sdata = .
 *(.data)
 *(.data*)
 .data.SystemCoreClock
                0x20000000        0x4 CMakeFiles/Calendar.elf.dir/Core/Src/system_stm32f1xx.c.obj
                0x20000000                SystemCoreClock
 .data.uwTickFreq
                0x20000004        0x1 CMakeFiles/Calendar.elf.dir/Drivers/STM32F1xx_HAL_Driver/Src/stm32f1xx_hal.c.obj
                0x20000004                uwTickFreq
 *fill*         0x20000005        0x3 
 .data.uwTickPrio
                0x20000008        0x4 CMakeFiles/Calendar.elf.dir/Drivers/STM32F1xx_HAL_Driver/Src/stm32f1xx_hal.c.obj
                0x20000008                uwTickPrio
 .data.CMD_Data
                0x2000000c       0x17 CMakeFiles/Calendar.elf.dir/Lib/Src/oled.c.obj
                0x2000000c                CMD_Data
 *fill*         0x20000023        0x1 
 .data.__sglue  0x20000024        0xc /Applications/ArmGNUToolchain/14.2.rel1/arm-none-eabi/bin/../lib/gcc/arm-none-eabi/14.2.1/../../../../arm-none-eabi/lib/thumb/v7-m/nofp/libc.a(libc_a-findfp.o)
                0x20000024                __sglue
 .data._impure_ptr
                0x20000030        0x4 /Applications/ArmGNUToolchain/14.2.rel1/arm-none-eabi/bin/../lib/gcc/arm-none-eabi/14.2.1/../../../../arm-none-eabi/lib/thumb/v7-m/nofp/libc.a(libc_a-impure.o)
                0x20000030                _impure_ptr
 *fill*         0x20000034        0x4 
 .data._impure_data
                0x20000038      0x140 /Applications/ArmGNUToolchain/14.2.rel1/arm-none-eabi/bin/../lib/gcc/arm-none-eabi/14.2.1/../../../../arm-none-eabi/lib/thumb/v7-m/nofp/libc.a(libc_a-impure.o)
                0x20000038                _impure_data
 .data.__atexit_recursive_mutex
                0x20000178        0x4 /Applications/ArmGNUToolchain/14.2.rel1/arm-none-eabi/bin/../lib/gcc/arm-none-eabi/14.2.1/../../../../arm-none-eabi/lib/thumb/v7-m/nofp/libc.a(libc_a-__call_atexit.o)
                0x20000178                __atexit_recursive_mutex
 .data.__malloc_sbrk_base
                0x2000017c        0x4 /Applications/ArmGNUToolchain/14.2.rel1/arm-none-eabi/bin/../lib/gcc/arm-none-eabi/14.2.1/../../../../arm-none-eabi/lib/thumb/v7-m/nofp/libc.a(libc_a-mallocr.o)
                0x2000017c                __malloc_sbrk_base
 .data.__malloc_trim_threshold
                0x20000180        0x4 /Applications/ArmGNUToolchain/14.2.rel1/arm-none-eabi/bin/../lib/gcc/arm-none-eabi/14.2.1/../../../../arm-none-eabi/lib/thumb/v7-m/nofp/libc.a(libc_a-mallocr.o)
                0x20000180                __malloc_trim_threshold
 *fill*         0x20000184        0x4 
 .data.__malloc_av_
                0x20000188      0x408 /Applications/ArmGNUToolchain/14.2.rel1/arm-none-eabi/bin/../lib/gcc/arm-none-eabi/14.2.1/../../../../arm-none-eabi/lib/thumb/v7-m/nofp/libc.a(libc_a-mallocr.o)
                0x20000188                __malloc_av_
 .data.__global_locale
                0x20000590      0x16c /Applications/ArmGNUToolchain/14.2.rel1/arm-none-eabi/bin/../lib/gcc/arm-none-eabi/14.2.1/../../../../arm-none-eabi/lib/thumb/v7-m/nofp/libc.a(libc_a-locale.o)
                0x20000590                __global_locale
 *(.RamFunc)
 *(.RamFunc*)
                0x200006fc                        . = ALIGN (0x4)
                0x200006fc                        _edata = .

.tm_clone_table
                0x200006fc        0x0 load address 0x0800a020
 .tm_clone_table
                0x200006fc        0x0 /Applications/ArmGNUToolchain/14.2.rel1/arm-none-eabi/bin/../lib/gcc/arm-none-eabi/14.2.1/thumb/v7-m/nofp/crtbegin.o
 .tm_clone_table
                0x200006fc        0x0 /Applications/ArmGNUToolchain/14.2.rel1/arm-none-eabi/bin/../lib/gcc/arm-none-eabi/14.2.1/thumb/v7-m/nofp/crtend.o

.igot.plt       0x200006fc        0x0 load address 0x0800a020
 .igot.plt      0x200006fc        0x0 /Applications/ArmGNUToolchain/14.2.rel1/arm-none-eabi/bin/../lib/gcc/arm-none-eabi/14.2.1/thumb/v7-m/nofp/crtbegin.o
                0x200006fc                        . = ALIGN (0x4)

.bss            0x200006fc      0x430 load address 0x0800a020
                0x200006fc                        _sbss = .
                0x200006fc                        __bss_start__ = _sbss
 *(.bss)
 *(.bss*)
 .bss.completed.1
                0x200006fc        0x1 /Applications/ArmGNUToolchain/14.2.rel1/arm-none-eabi/bin/../lib/gcc/arm-none-eabi/14.2.1/thumb/v7-m/nofp/crtbegin.o
 *fill*         0x200006fd        0x3 
 .bss.object.0  0x20000700       0x18 /Applications/ArmGNUToolchain/14.2.rel1/arm-none-eabi/bin/../lib/gcc/arm-none-eabi/14.2.1/thumb/v7-m/nofp/crtbegin.o
 .bss.hi2c1     0x20000718       0x54 CMakeFiles/Calendar.elf.dir/Core/Src/i2c.c.obj
                0x20000718                hi2c1
 .bss.hrtc      0x2000076c       0x14 CMakeFiles/Calendar.elf.dir/Core/Src/rtc.c.obj
                0x2000076c                hrtc
 .bss.__sbrk_heap_end
                0x20000780        0x4 CMakeFiles/Calendar.elf.dir/Core/Src/sysmem.c.obj
 .bss.htim1     0x20000784       0x48 CMakeFiles/Calendar.elf.dir/Core/Src/tim.c.obj
                0x20000784                htim1
 .bss.huart2    0x200007cc       0x48 CMakeFiles/Calendar.elf.dir/Core/Src/usart.c.obj
                0x200007cc                huart2
 .bss.uwTick    0x20000814        0x4 CMakeFiles/Calendar.elf.dir/Drivers/STM32F1xx_HAL_Driver/Src/stm32f1xx_hal.c.obj
                0x20000814                uwTick
 .bss.__sf      0x20000818      0x138 /Applications/ArmGNUToolchain/14.2.rel1/arm-none-eabi/bin/../lib/gcc/arm-none-eabi/14.2.1/../../../../arm-none-eabi/lib/thumb/v7-m/nofp/libc.a(libc_a-findfp.o)
                0x20000818                __sf
 .bss.__stdio_exit_handler
                0x20000950        0x4 /Applications/ArmGNUToolchain/14.2.rel1/arm-none-eabi/bin/../lib/gcc/arm-none-eabi/14.2.1/../../../../arm-none-eabi/lib/thumb/v7-m/nofp/libc.a(libc_a-findfp.o)
                0x20000950                __stdio_exit_handler
 .bss.__lock___malloc_recursive_mutex
                0x20000954        0x1 /Applications/ArmGNUToolchain/14.2.rel1/arm-none-eabi/bin/../lib/gcc/arm-none-eabi/14.2.1/../../../../arm-none-eabi/lib/thumb/v7-m/nofp/libc.a(libc_a-lock.o)
                0x20000954                __lock___malloc_recursive_mutex
 *fill*         0x20000955        0x3 
 .bss.__lock___atexit_recursive_mutex
                0x20000958        0x1 /Applications/ArmGNUToolchain/14.2.rel1/arm-none-eabi/bin/../lib/gcc/arm-none-eabi/14.2.1/../../../../arm-none-eabi/lib/thumb/v7-m/nofp/libc.a(libc_a-lock.o)
                0x20000958                __lock___atexit_recursive_mutex
 *fill*         0x20000959        0x3 
 .bss.__lock___sfp_recursive_mutex
                0x2000095c        0x1 /Applications/ArmGNUToolchain/14.2.rel1/arm-none-eabi/bin/../lib/gcc/arm-none-eabi/14.2.1/../../../../arm-none-eabi/lib/thumb/v7-m/nofp/libc.a(libc_a-lock.o)
                0x2000095c                __lock___sfp_recursive_mutex
 *fill*         0x2000095d        0x3 
 .bss.__atexit  0x20000960        0x4 /Applications/ArmGNUToolchain/14.2.rel1/arm-none-eabi/bin/../lib/gcc/arm-none-eabi/14.2.1/../../../../arm-none-eabi/lib/thumb/v7-m/nofp/libc.a(libc_a-__call_atexit.o)
                0x20000960                __atexit
 .bss.__malloc_current_mallinfo
                0x20000964       0x28 /Applications/ArmGNUToolchain/14.2.rel1/arm-none-eabi/bin/../lib/gcc/arm-none-eabi/14.2.1/../../../../arm-none-eabi/lib/thumb/v7-m/nofp/libc.a(libc_a-mallocr.o)
                0x20000964                __malloc_current_mallinfo
 .bss.__malloc_max_total_mem
                0x2000098c        0x4 /Applications/ArmGNUToolchain/14.2.rel1/arm-none-eabi/bin/../lib/gcc/arm-none-eabi/14.2.1/../../../../arm-none-eabi/lib/thumb/v7-m/nofp/libc.a(libc_a-mallocr.o)
                0x2000098c                __malloc_max_total_mem
 .bss.__malloc_max_sbrked_mem
                0x20000990        0x4 /Applications/ArmGNUToolchain/14.2.rel1/arm-none-eabi/bin/../lib/gcc/arm-none-eabi/14.2.1/../../../../arm-none-eabi/lib/thumb/v7-m/nofp/libc.a(libc_a-mallocr.o)
                0x20000990                __malloc_max_sbrked_mem
 .bss.__malloc_top_pad
                0x20000994        0x4 /Applications/ArmGNUToolchain/14.2.rel1/arm-none-eabi/bin/../lib/gcc/arm-none-eabi/14.2.1/../../../../arm-none-eabi/lib/thumb/v7-m/nofp/libc.a(libc_a-mallocr.o)
                0x20000994                __malloc_top_pad
 .bss.errno     0x20000998        0x4 /Applications/ArmGNUToolchain/14.2.rel1/arm-none-eabi/bin/../lib/gcc/arm-none-eabi/14.2.1/../../../../arm-none-eabi/lib/thumb/v7-m/nofp/libc.a(libc_a-reent.o)
                0x20000998                errno
 .bss.__atexit0
                0x2000099c      0x190 /Applications/ArmGNUToolchain/14.2.rel1/arm-none-eabi/bin/../lib/gcc/arm-none-eabi/14.2.1/../../../../arm-none-eabi/lib/thumb/v7-m/nofp/libc.a(libc_a-__atexit.o)
                0x2000099c                __atexit0
 *(COMMON)
                0x20000b2c                        . = ALIGN (0x4)
                0x20000b2c                        _ebss = .
                0x20000b2c                        __bss_end__ = _ebss

._user_heap_stack
                0x20000b2c      0x604 load address 0x0800a020
                0x20000b30                        . = ALIGN (0x8)
 *fill*         0x20000b2c        0x4 
                [!provide]                        PROVIDE (end = .)
                0x20000b30                        PROVIDE (_end = .)
                0x20000d30                        . = (. + _Min_Heap_Size)
 *fill*         0x20000b30      0x200 
                0x20001130                        . = (. + _Min_Stack_Size)
 *fill*         0x20000d30      0x400 
                0x20001130                        . = ALIGN (0x8)

/DISCARD/
 libc.a(*)
 libm.a(*)
 libgcc.a(*)

.ARM.attributes
                0x00000000       0x29
 *(.ARM.attributes)
 .ARM.attributes
                0x00000000       0x1d /Applications/ArmGNUToolchain/14.2.rel1/arm-none-eabi/bin/../lib/gcc/arm-none-eabi/14.2.1/thumb/v7-m/nofp/crti.o
 .ARM.attributes
                0x0000001d       0x2d /Applications/ArmGNUToolchain/14.2.rel1/arm-none-eabi/bin/../lib/gcc/arm-none-eabi/14.2.1/thumb/v7-m/nofp/crtbegin.o
 .ARM.attributes
                0x0000004a       0x2d CMakeFiles/Calendar.elf.dir/Core/Src/gpio.c.obj
 .ARM.attributes
                0x00000077       0x2d CMakeFiles/Calendar.elf.dir/Core/Src/i2c.c.obj
 .ARM.attributes
                0x000000a4       0x2d CMakeFiles/Calendar.elf.dir/Core/Src/main.c.obj
 .ARM.attributes
                0x000000d1       0x2d CMakeFiles/Calendar.elf.dir/Core/Src/rtc.c.obj
 .ARM.attributes
                0x000000fe       0x2d CMakeFiles/Calendar.elf.dir/Core/Src/stm32f1xx_hal_msp.c.obj
 .ARM.attributes
                0x0000012b       0x2d CMakeFiles/Calendar.elf.dir/Core/Src/stm32f1xx_it.c.obj
 .ARM.attributes
                0x00000158       0x2d CMakeFiles/Calendar.elf.dir/Core/Src/syscalls.c.obj
 .ARM.attributes
                0x00000185       0x2d CMakeFiles/Calendar.elf.dir/Core/Src/sysmem.c.obj
 .ARM.attributes
                0x000001b2       0x2d CMakeFiles/Calendar.elf.dir/Core/Src/system_stm32f1xx.c.obj
 .ARM.attributes
                0x000001df       0x2d CMakeFiles/Calendar.elf.dir/Core/Src/tim.c.obj
 .ARM.attributes
                0x0000020c       0x2d CMakeFiles/Calendar.elf.dir/Core/Src/usart.c.obj
 .ARM.attributes
                0x00000239       0x21 CMakeFiles/Calendar.elf.dir/Core/Startup/startup_stm32f103c8tx.s.obj
 .ARM.attributes
                0x0000025a       0x2d CMakeFiles/Calendar.elf.dir/Drivers/STM32F1xx_HAL_Driver/Src/stm32f1xx_hal.c.obj
 .ARM.attributes
                0x00000287       0x2d CMakeFiles/Calendar.elf.dir/Drivers/STM32F1xx_HAL_Driver/Src/stm32f1xx_hal_cortex.c.obj
 .ARM.attributes
                0x000002b4       0x2d CMakeFiles/Calendar.elf.dir/Drivers/STM32F1xx_HAL_Driver/Src/stm32f1xx_hal_gpio.c.obj
 .ARM.attributes
                0x000002e1       0x2d CMakeFiles/Calendar.elf.dir/Drivers/STM32F1xx_HAL_Driver/Src/stm32f1xx_hal_i2c.c.obj
 .ARM.attributes
                0x0000030e       0x2d CMakeFiles/Calendar.elf.dir/Drivers/STM32F1xx_HAL_Driver/Src/stm32f1xx_hal_rcc.c.obj
 .ARM.attributes
                0x0000033b       0x2d CMakeFiles/Calendar.elf.dir/Drivers/STM32F1xx_HAL_Driver/Src/stm32f1xx_hal_rcc_ex.c.obj
 .ARM.attributes
                0x00000368       0x2d CMakeFiles/Calendar.elf.dir/Drivers/STM32F1xx_HAL_Driver/Src/stm32f1xx_hal_tim.c.obj
 .ARM.attributes
                0x00000395       0x2d CMakeFiles/Calendar.elf.dir/Drivers/STM32F1xx_HAL_Driver/Src/stm32f1xx_hal_tim_ex.c.obj
 .ARM.attributes
                0x000003c2       0x2d CMakeFiles/Calendar.elf.dir/Drivers/STM32F1xx_HAL_Driver/Src/stm32f1xx_hal_uart.c.obj
 .ARM.attributes
                0x000003ef       0x2d CMakeFiles/Calendar.elf.dir/Lib/Src/oled.c.obj
 .ARM.attributes
                0x0000041c       0x2d /Applications/ArmGNUToolchain/14.2.rel1/arm-none-eabi/bin/../lib/gcc/arm-none-eabi/14.2.1/../../../../arm-none-eabi/lib/thumb/v7-m/nofp/libc.a(libc_a-printf.o)
 .ARM.attributes
                0x00000449       0x2d /Applications/ArmGNUToolchain/14.2.rel1/arm-none-eabi/bin/../lib/gcc/arm-none-eabi/14.2.1/../../../../arm-none-eabi/lib/thumb/v7-m/nofp/libc.a(libc_a-findfp.o)
 .ARM.attributes
                0x00000476       0x2d /Applications/ArmGNUToolchain/14.2.rel1/arm-none-eabi/bin/../lib/gcc/arm-none-eabi/14.2.1/../../../../arm-none-eabi/lib/thumb/v7-m/nofp/libc.a(libc_a-memset.o)
 .ARM.attributes
                0x000004a3       0x2d /Applications/ArmGNUToolchain/14.2.rel1/arm-none-eabi/bin/../lib/gcc/arm-none-eabi/14.2.1/../../../../arm-none-eabi/lib/thumb/v7-m/nofp/libc.a(libc_a-impure.o)
 .ARM.attributes
                0x000004d0       0x2d /Applications/ArmGNUToolchain/14.2.rel1/arm-none-eabi/bin/../lib/gcc/arm-none-eabi/14.2.1/../../../../arm-none-eabi/lib/thumb/v7-m/nofp/libc.a(libc_a-errno.o)
 .ARM.attributes
                0x000004fd       0x2d /Applications/ArmGNUToolchain/14.2.rel1/arm-none-eabi/bin/../lib/gcc/arm-none-eabi/14.2.1/../../../../arm-none-eabi/lib/thumb/v7-m/nofp/libc.a(libc_a-init.o)
 .ARM.attributes
                0x0000052a       0x2d /Applications/ArmGNUToolchain/14.2.rel1/arm-none-eabi/bin/../lib/gcc/arm-none-eabi/14.2.1/../../../../arm-none-eabi/lib/thumb/v7-m/nofp/libc.a(libc_a-lock.o)
 .ARM.attributes
                0x00000557       0x2d /Applications/ArmGNUToolchain/14.2.rel1/arm-none-eabi/bin/../lib/gcc/arm-none-eabi/14.2.1/../../../../arm-none-eabi/lib/thumb/v7-m/nofp/libc.a(libc_a-strlen-stub.o)
 .ARM.attributes
                0x00000584       0x2d /Applications/ArmGNUToolchain/14.2.rel1/arm-none-eabi/bin/../lib/gcc/arm-none-eabi/14.2.1/../../../../arm-none-eabi/lib/thumb/v7-m/nofp/libc.a(libc_a-__call_atexit.o)
 .ARM.attributes
                0x000005b1       0x2d /Applications/ArmGNUToolchain/14.2.rel1/arm-none-eabi/bin/../lib/gcc/arm-none-eabi/14.2.1/../../../../arm-none-eabi/lib/thumb/v7-m/nofp/libc.a(libc_a-atexit.o)
 .ARM.attributes
                0x000005de       0x2d /Applications/ArmGNUToolchain/14.2.rel1/arm-none-eabi/bin/../lib/gcc/arm-none-eabi/14.2.1/../../../../arm-none-eabi/lib/thumb/v7-m/nofp/libc.a(libc_a-mallocr.o)
 .ARM.attributes
                0x0000060b       0x2d /Applications/ArmGNUToolchain/14.2.rel1/arm-none-eabi/bin/../lib/gcc/arm-none-eabi/14.2.1/../../../../arm-none-eabi/lib/thumb/v7-m/nofp/libc.a(libc_a-vfprintf.o)
 .ARM.attributes
                0x00000638       0x2d /Applications/ArmGNUToolchain/14.2.rel1/arm-none-eabi/bin/../lib/gcc/arm-none-eabi/14.2.1/../../../../arm-none-eabi/lib/thumb/v7-m/nofp/libc.a(libc_a-mlock.o)
 .ARM.attributes
                0x00000665       0x2d /Applications/ArmGNUToolchain/14.2.rel1/arm-none-eabi/bin/../lib/gcc/arm-none-eabi/14.2.1/../../../../arm-none-eabi/lib/thumb/v7-m/nofp/libc.a(libc_a-fwalk.o)
 .ARM.attributes
                0x00000692       0x2d /Applications/ArmGNUToolchain/14.2.rel1/arm-none-eabi/bin/../lib/gcc/arm-none-eabi/14.2.1/../../../../arm-none-eabi/lib/thumb/v7-m/nofp/libc.a(libc_a-reallocr.o)
 .ARM.attributes
                0x000006bf       0x2d /Applications/ArmGNUToolchain/14.2.rel1/arm-none-eabi/bin/../lib/gcc/arm-none-eabi/14.2.1/../../../../arm-none-eabi/lib/thumb/v7-m/nofp/libc.a(libc_a-sprint_r.o)
 .ARM.attributes
                0x000006ec       0x2d /Applications/ArmGNUToolchain/14.2.rel1/arm-none-eabi/bin/../lib/gcc/arm-none-eabi/14.2.1/../../../../arm-none-eabi/lib/thumb/v7-m/nofp/libc.a(libc_a-fclose.o)
 .ARM.attributes
                0x00000719       0x2d /Applications/ArmGNUToolchain/14.2.rel1/arm-none-eabi/bin/../lib/gcc/arm-none-eabi/14.2.1/../../../../arm-none-eabi/lib/thumb/v7-m/nofp/libc.a(libc_a-fflush.o)
 .ARM.attributes
                0x00000746       0x2d /Applications/ArmGNUToolchain/14.2.rel1/arm-none-eabi/bin/../lib/gcc/arm-none-eabi/14.2.1/../../../../arm-none-eabi/lib/thumb/v7-m/nofp/libc.a(libc_a-stdio.o)
 .ARM.attributes
                0x00000773       0x2d /Applications/ArmGNUToolchain/14.2.rel1/arm-none-eabi/bin/../lib/gcc/arm-none-eabi/14.2.1/../../../../arm-none-eabi/lib/thumb/v7-m/nofp/libc.a(libc_a-wsetup.o)
 .ARM.attributes
                0x000007a0       0x2d /Applications/ArmGNUToolchain/14.2.rel1/arm-none-eabi/bin/../lib/gcc/arm-none-eabi/14.2.1/../../../../arm-none-eabi/lib/thumb/v7-m/nofp/libc.a(libc_a-memmove.o)
 .ARM.attributes
                0x000007cd       0x2d /Applications/ArmGNUToolchain/14.2.rel1/arm-none-eabi/bin/../lib/gcc/arm-none-eabi/14.2.1/../../../../arm-none-eabi/lib/thumb/v7-m/nofp/libc.a(libc_a-strncpy.o)
 .ARM.attributes
                0x000007fa       0x2d /Applications/ArmGNUToolchain/14.2.rel1/arm-none-eabi/bin/../lib/gcc/arm-none-eabi/14.2.1/../../../../arm-none-eabi/lib/thumb/v7-m/nofp/libc.a(libc_a-locale.o)
 .ARM.attributes
                0x00000827       0x2d /Applications/ArmGNUToolchain/14.2.rel1/arm-none-eabi/bin/../lib/gcc/arm-none-eabi/14.2.1/../../../../arm-none-eabi/lib/thumb/v7-m/nofp/libc.a(libc_a-localeconv.o)
 .ARM.attributes
                0x00000854       0x2d /Applications/ArmGNUToolchain/14.2.rel1/arm-none-eabi/bin/../lib/gcc/arm-none-eabi/14.2.1/../../../../arm-none-eabi/lib/thumb/v7-m/nofp/libc.a(libc_a-closer.o)
 .ARM.attributes
                0x00000881       0x2d /Applications/ArmGNUToolchain/14.2.rel1/arm-none-eabi/bin/../lib/gcc/arm-none-eabi/14.2.1/../../../../arm-none-eabi/lib/thumb/v7-m/nofp/libc.a(libc_a-reent.o)
 .ARM.attributes
                0x000008ae       0x2d /Applications/ArmGNUToolchain/14.2.rel1/arm-none-eabi/bin/../lib/gcc/arm-none-eabi/14.2.1/../../../../arm-none-eabi/lib/thumb/v7-m/nofp/libc.a(libc_a-lseekr.o)
 .ARM.attributes
                0x000008db       0x2d /Applications/ArmGNUToolchain/14.2.rel1/arm-none-eabi/bin/../lib/gcc/arm-none-eabi/14.2.1/../../../../arm-none-eabi/lib/thumb/v7-m/nofp/libc.a(libc_a-readr.o)
 .ARM.attributes
                0x00000908       0x2d /Applications/ArmGNUToolchain/14.2.rel1/arm-none-eabi/bin/../lib/gcc/arm-none-eabi/14.2.1/../../../../arm-none-eabi/lib/thumb/v7-m/nofp/libc.a(libc_a-sbrkr.o)
 .ARM.attributes
                0x00000935       0x2d /Applications/ArmGNUToolchain/14.2.rel1/arm-none-eabi/bin/../lib/gcc/arm-none-eabi/14.2.1/../../../../arm-none-eabi/lib/thumb/v7-m/nofp/libc.a(libc_a-writer.o)
 .ARM.attributes
                0x00000962       0x2d /Applications/ArmGNUToolchain/14.2.rel1/arm-none-eabi/bin/../lib/gcc/arm-none-eabi/14.2.1/../../../../arm-none-eabi/lib/thumb/v7-m/nofp/libc.a(libc_a-sysconf.o)
 .ARM.attributes
                0x0000098f       0x2d /Applications/ArmGNUToolchain/14.2.rel1/arm-none-eabi/bin/../lib/gcc/arm-none-eabi/14.2.1/../../../../arm-none-eabi/lib/thumb/v7-m/nofp/libc.a(libc_a-fini.o)
 .ARM.attributes
                0x000009bc       0x2d /Applications/ArmGNUToolchain/14.2.rel1/arm-none-eabi/bin/../lib/gcc/arm-none-eabi/14.2.1/../../../../arm-none-eabi/lib/thumb/v7-m/nofp/libc.a(libc_a-memchr-stub.o)
 .ARM.attributes
                0x000009e9       0x1b /Applications/ArmGNUToolchain/14.2.rel1/arm-none-eabi/bin/../lib/gcc/arm-none-eabi/14.2.1/../../../../arm-none-eabi/lib/thumb/v7-m/nofp/libc.a(libc_a-memcpy.o)
 .ARM.attributes
                0x00000a04       0x2d /Applications/ArmGNUToolchain/14.2.rel1/arm-none-eabi/bin/../lib/gcc/arm-none-eabi/14.2.1/../../../../arm-none-eabi/lib/thumb/v7-m/nofp/libc.a(libc_a-wcrtomb.o)
 .ARM.attributes
                0x00000a31       0x2d /Applications/ArmGNUToolchain/14.2.rel1/arm-none-eabi/bin/../lib/gcc/arm-none-eabi/14.2.1/../../../../arm-none-eabi/lib/thumb/v7-m/nofp/libc.a(libc_a-wcsrtombs.o)
 .ARM.attributes
                0x00000a5e       0x2d /Applications/ArmGNUToolchain/14.2.rel1/arm-none-eabi/bin/../lib/gcc/arm-none-eabi/14.2.1/../../../../arm-none-eabi/lib/thumb/v7-m/nofp/libc.a(libc_a-ctype_.o)
 .ARM.attributes
                0x00000a8b       0x2d /Applications/ArmGNUToolchain/14.2.rel1/arm-none-eabi/bin/../lib/gcc/arm-none-eabi/14.2.1/../../../../arm-none-eabi/lib/thumb/v7-m/nofp/libc.a(libc_a-__atexit.o)
 .ARM.attributes
                0x00000ab8       0x2d /Applications/ArmGNUToolchain/14.2.rel1/arm-none-eabi/bin/../lib/gcc/arm-none-eabi/14.2.1/../../../../arm-none-eabi/lib/thumb/v7-m/nofp/libc.a(libm_a-s_frexp.o)
 .ARM.attributes
                0x00000ae5       0x2d /Applications/ArmGNUToolchain/14.2.rel1/arm-none-eabi/bin/../lib/gcc/arm-none-eabi/14.2.1/../../../../arm-none-eabi/lib/thumb/v7-m/nofp/libc.a(libc_a-dtoa.o)
 .ARM.attributes
                0x00000b12       0x2d /Applications/ArmGNUToolchain/14.2.rel1/arm-none-eabi/bin/../lib/gcc/arm-none-eabi/14.2.1/../../../../arm-none-eabi/lib/thumb/v7-m/nofp/libc.a(libc_a-freer.o)
 .ARM.attributes
                0x00000b3f       0x2d /Applications/ArmGNUToolchain/14.2.rel1/arm-none-eabi/bin/../lib/gcc/arm-none-eabi/14.2.1/../../../../arm-none-eabi/lib/thumb/v7-m/nofp/libc.a(libc_a-mbtowc_r.o)
 .ARM.attributes
                0x00000b6c       0x2d /Applications/ArmGNUToolchain/14.2.rel1/arm-none-eabi/bin/../lib/gcc/arm-none-eabi/14.2.1/../../../../arm-none-eabi/lib/thumb/v7-m/nofp/libc.a(libc_a-fvwrite.o)
 .ARM.attributes
                0x00000b99       0x2d /Applications/ArmGNUToolchain/14.2.rel1/arm-none-eabi/bin/../lib/gcc/arm-none-eabi/14.2.1/../../../../arm-none-eabi/lib/thumb/v7-m/nofp/libc.a(libc_a-mprec.o)
 .ARM.attributes
                0x00000bc6       0x2d /Applications/ArmGNUToolchain/14.2.rel1/arm-none-eabi/bin/../lib/gcc/arm-none-eabi/14.2.1/../../../../arm-none-eabi/lib/thumb/v7-m/nofp/libc.a(libc_a-makebuf.o)
 .ARM.attributes
                0x00000bf3       0x2d /Applications/ArmGNUToolchain/14.2.rel1/arm-none-eabi/bin/../lib/gcc/arm-none-eabi/14.2.1/../../../../arm-none-eabi/lib/thumb/v7-m/nofp/libc.a(libc_a-wctomb_r.o)
 .ARM.attributes
                0x00000c20       0x2d /Applications/ArmGNUToolchain/14.2.rel1/arm-none-eabi/bin/../lib/gcc/arm-none-eabi/14.2.1/../../../../arm-none-eabi/lib/thumb/v7-m/nofp/libc.a(libc_a-fstatr.o)
 .ARM.attributes
                0x00000c4d       0x2d /Applications/ArmGNUToolchain/14.2.rel1/arm-none-eabi/bin/../lib/gcc/arm-none-eabi/14.2.1/../../../../arm-none-eabi/lib/thumb/v7-m/nofp/libc.a(libc_a-isattyr.o)
 .ARM.attributes
                0x00000c7a       0x2d /Applications/ArmGNUToolchain/14.2.rel1/arm-none-eabi/bin/../lib/gcc/arm-none-eabi/14.2.1/../../../../arm-none-eabi/lib/thumb/v7-m/nofp/libc.a(libc_a-wcsnrtombs.o)
 .ARM.attributes
                0x00000ca7       0x2d /Applications/ArmGNUToolchain/14.2.rel1/arm-none-eabi/bin/../lib/gcc/arm-none-eabi/14.2.1/../../../../arm-none-eabi/lib/thumb/v7-m/nofp/libc.a(libc_a-assert.o)
 .ARM.attributes
                0x00000cd4       0x2d /Applications/ArmGNUToolchain/14.2.rel1/arm-none-eabi/bin/../lib/gcc/arm-none-eabi/14.2.1/../../../../arm-none-eabi/lib/thumb/v7-m/nofp/libc.a(libc_a-callocr.o)
 .ARM.attributes
                0x00000d01       0x2d /Applications/ArmGNUToolchain/14.2.rel1/arm-none-eabi/bin/../lib/gcc/arm-none-eabi/14.2.1/../../../../arm-none-eabi/lib/thumb/v7-m/nofp/libc.a(libc_a-fiprintf.o)
 .ARM.attributes
                0x00000d2e       0x2d /Applications/ArmGNUToolchain/14.2.rel1/arm-none-eabi/bin/../lib/gcc/arm-none-eabi/14.2.1/../../../../arm-none-eabi/lib/thumb/v7-m/nofp/libc.a(libc_a-vfiprintf.o)
 .ARM.attributes
                0x00000d5b       0x2d /Applications/ArmGNUToolchain/14.2.rel1/arm-none-eabi/bin/../lib/gcc/arm-none-eabi/14.2.1/../../../../arm-none-eabi/lib/thumb/v7-m/nofp/libc.a(libc_a-abort.o)
 .ARM.attributes
                0x00000d88       0x2d /Applications/ArmGNUToolchain/14.2.rel1/arm-none-eabi/bin/../lib/gcc/arm-none-eabi/14.2.1/../../../../arm-none-eabi/lib/thumb/v7-m/nofp/libc.a(libc_a-signal.o)
 .ARM.attributes
                0x00000db5       0x2d /Applications/ArmGNUToolchain/14.2.rel1/arm-none-eabi/bin/../lib/gcc/arm-none-eabi/14.2.1/../../../../arm-none-eabi/lib/thumb/v7-m/nofp/libc.a(libc_a-signalr.o)
 .ARM.attributes
                0x00000de2       0x1d /Applications/ArmGNUToolchain/14.2.rel1/arm-none-eabi/bin/../lib/gcc/arm-none-eabi/14.2.1/thumb/v7-m/nofp/libgcc.a(_arm_addsubdf3.o)
 .ARM.attributes
                0x00000dff       0x1d /Applications/ArmGNUToolchain/14.2.rel1/arm-none-eabi/bin/../lib/gcc/arm-none-eabi/14.2.1/thumb/v7-m/nofp/libgcc.a(_arm_muldivdf3.o)
 .ARM.attributes
                0x00000e1c       0x1d /Applications/ArmGNUToolchain/14.2.rel1/arm-none-eabi/bin/../lib/gcc/arm-none-eabi/14.2.1/thumb/v7-m/nofp/libgcc.a(_arm_cmpdf2.o)
 .ARM.attributes
                0x00000e39       0x1d /Applications/ArmGNUToolchain/14.2.rel1/arm-none-eabi/bin/../lib/gcc/arm-none-eabi/14.2.1/thumb/v7-m/nofp/libgcc.a(_arm_unorddf2.o)
 .ARM.attributes
                0x00000e56       0x1d /Applications/ArmGNUToolchain/14.2.rel1/arm-none-eabi/bin/../lib/gcc/arm-none-eabi/14.2.1/thumb/v7-m/nofp/libgcc.a(_arm_fixdfsi.o)
 .ARM.attributes
                0x00000e73       0x2d /Applications/ArmGNUToolchain/14.2.rel1/arm-none-eabi/bin/../lib/gcc/arm-none-eabi/14.2.1/thumb/v7-m/nofp/crtend.o
 .ARM.attributes
                0x00000ea0       0x1d /Applications/ArmGNUToolchain/14.2.rel1/arm-none-eabi/bin/../lib/gcc/arm-none-eabi/14.2.1/thumb/v7-m/nofp/crtn.o
OUTPUT(Calendar.elf elf32-littlearm)
LOAD linker stubs
LOAD /Applications/ArmGNUToolchain/14.2.rel1/arm-none-eabi/bin/../lib/gcc/arm-none-eabi/14.2.1/../../../../arm-none-eabi/lib/thumb/v7-m/nofp/libc.a
LOAD /Applications/ArmGNUToolchain/14.2.rel1/arm-none-eabi/bin/../lib/gcc/arm-none-eabi/14.2.1/../../../../arm-none-eabi/lib/thumb/v7-m/nofp/libm.a
LOAD /Applications/ArmGNUToolchain/14.2.rel1/arm-none-eabi/bin/../lib/gcc/arm-none-eabi/14.2.1/thumb/v7-m/nofp/libgcc.a

.debug_info     0x00000000    0x14062
 .debug_info    0x00000000      0x2ab CMakeFiles/Calendar.elf.dir/Core/Src/gpio.c.obj
 .debug_info    0x000002ab      0x857 CMakeFiles/Calendar.elf.dir/Core/Src/i2c.c.obj
 .debug_info    0x00000b02      0x45e CMakeFiles/Calendar.elf.dir/Core/Src/main.c.obj
 .debug_info    0x00000f60      0x3ca CMakeFiles/Calendar.elf.dir/Core/Src/rtc.c.obj
 .debug_info    0x0000132a      0x1f4 CMakeFiles/Calendar.elf.dir/Core/Src/stm32f1xx_hal_msp.c.obj
 .debug_info    0x0000151e      0x11d CMakeFiles/Calendar.elf.dir/Core/Src/stm32f1xx_it.c.obj
 .debug_info    0x0000163b      0x789 CMakeFiles/Calendar.elf.dir/Core/Src/syscalls.c.obj
 .debug_info    0x00001dc4      0x171 CMakeFiles/Calendar.elf.dir/Core/Src/sysmem.c.obj
 .debug_info    0x00001f35      0x22d CMakeFiles/Calendar.elf.dir/Core/Src/system_stm32f1xx.c.obj
 .debug_info    0x00002162      0xa3b CMakeFiles/Calendar.elf.dir/Core/Src/tim.c.obj
 .debug_info    0x00002b9d      0x87e CMakeFiles/Calendar.elf.dir/Core/Src/usart.c.obj
 .debug_info    0x0000341b       0x30 CMakeFiles/Calendar.elf.dir/Core/Startup/startup_stm32f103c8tx.s.obj
 .debug_info    0x0000344b      0x7a2 CMakeFiles/Calendar.elf.dir/Drivers/STM32F1xx_HAL_Driver/Src/stm32f1xx_hal.c.obj
 .debug_info    0x00003bed      0xcd9 CMakeFiles/Calendar.elf.dir/Drivers/STM32F1xx_HAL_Driver/Src/stm32f1xx_hal_cortex.c.obj
 .debug_info    0x000048c6      0x604 CMakeFiles/Calendar.elf.dir/Drivers/STM32F1xx_HAL_Driver/Src/stm32f1xx_hal_gpio.c.obj
 .debug_info    0x00004eca     0x390b CMakeFiles/Calendar.elf.dir/Drivers/STM32F1xx_HAL_Driver/Src/stm32f1xx_hal_i2c.c.obj
 .debug_info    0x000087d5      0x9c7 CMakeFiles/Calendar.elf.dir/Drivers/STM32F1xx_HAL_Driver/Src/stm32f1xx_hal_rcc.c.obj
 .debug_info    0x0000919c      0x420 CMakeFiles/Calendar.elf.dir/Drivers/STM32F1xx_HAL_Driver/Src/stm32f1xx_hal_rcc_ex.c.obj
 .debug_info    0x000095bc     0x3c0f CMakeFiles/Calendar.elf.dir/Drivers/STM32F1xx_HAL_Driver/Src/stm32f1xx_hal_tim.c.obj
 .debug_info    0x0000d1cb     0x1a9e CMakeFiles/Calendar.elf.dir/Drivers/STM32F1xx_HAL_Driver/Src/stm32f1xx_hal_tim_ex.c.obj
 .debug_info    0x0000ec69     0x3f85 CMakeFiles/Calendar.elf.dir/Drivers/STM32F1xx_HAL_Driver/Src/stm32f1xx_hal_uart.c.obj
 .debug_info    0x00012bee     0x1474 CMakeFiles/Calendar.elf.dir/Lib/Src/oled.c.obj

.debug_abbrev   0x00000000     0x2a0a
 .debug_abbrev  0x00000000      0x129 CMakeFiles/Calendar.elf.dir/Core/Src/gpio.c.obj
 .debug_abbrev  0x00000129      0x1fc CMakeFiles/Calendar.elf.dir/Core/Src/i2c.c.obj
 .debug_abbrev  0x00000325      0x1da CMakeFiles/Calendar.elf.dir/Core/Src/main.c.obj
 .debug_abbrev  0x000004ff      0x18a CMakeFiles/Calendar.elf.dir/Core/Src/rtc.c.obj
 .debug_abbrev  0x00000689       0xed CMakeFiles/Calendar.elf.dir/Core/Src/stm32f1xx_hal_msp.c.obj
 .debug_abbrev  0x00000776       0x7c CMakeFiles/Calendar.elf.dir/Core/Src/stm32f1xx_it.c.obj
 .debug_abbrev  0x000007f2      0x1c1 CMakeFiles/Calendar.elf.dir/Core/Src/syscalls.c.obj
 .debug_abbrev  0x000009b3       0xea CMakeFiles/Calendar.elf.dir/Core/Src/sysmem.c.obj
 .debug_abbrev  0x00000a9d      0x143 CMakeFiles/Calendar.elf.dir/Core/Src/system_stm32f1xx.c.obj
 .debug_abbrev  0x00000be0      0x236 CMakeFiles/Calendar.elf.dir/Core/Src/tim.c.obj
 .debug_abbrev  0x00000e16      0x21c CMakeFiles/Calendar.elf.dir/Core/Src/usart.c.obj
 .debug_abbrev  0x00001032       0x24 CMakeFiles/Calendar.elf.dir/Core/Startup/startup_stm32f103c8tx.s.obj
 .debug_abbrev  0x00001056      0x22d CMakeFiles/Calendar.elf.dir/Drivers/STM32F1xx_HAL_Driver/Src/stm32f1xx_hal.c.obj
 .debug_abbrev  0x00001283      0x36d CMakeFiles/Calendar.elf.dir/Drivers/STM32F1xx_HAL_Driver/Src/stm32f1xx_hal_cortex.c.obj
 .debug_abbrev  0x000015f0      0x1f7 CMakeFiles/Calendar.elf.dir/Drivers/STM32F1xx_HAL_Driver/Src/stm32f1xx_hal_gpio.c.obj
 .debug_abbrev  0x000017e7      0x2be CMakeFiles/Calendar.elf.dir/Drivers/STM32F1xx_HAL_Driver/Src/stm32f1xx_hal_i2c.c.obj
 .debug_abbrev  0x00001aa5      0x2a0 CMakeFiles/Calendar.elf.dir/Drivers/STM32F1xx_HAL_Driver/Src/stm32f1xx_hal_rcc.c.obj
 .debug_abbrev  0x00001d45      0x1d8 CMakeFiles/Calendar.elf.dir/Drivers/STM32F1xx_HAL_Driver/Src/stm32f1xx_hal_rcc_ex.c.obj
 .debug_abbrev  0x00001f1d      0x270 CMakeFiles/Calendar.elf.dir/Drivers/STM32F1xx_HAL_Driver/Src/stm32f1xx_hal_tim.c.obj
 .debug_abbrev  0x0000218d      0x26e CMakeFiles/Calendar.elf.dir/Drivers/STM32F1xx_HAL_Driver/Src/stm32f1xx_hal_tim_ex.c.obj
 .debug_abbrev  0x000023fb      0x31c CMakeFiles/Calendar.elf.dir/Drivers/STM32F1xx_HAL_Driver/Src/stm32f1xx_hal_uart.c.obj
 .debug_abbrev  0x00002717      0x2f3 CMakeFiles/Calendar.elf.dir/Lib/Src/oled.c.obj

.debug_aranges  0x00000000     0x1008
 .debug_aranges
                0x00000000       0x20 CMakeFiles/Calendar.elf.dir/Core/Src/gpio.c.obj
 .debug_aranges
                0x00000020       0x30 CMakeFiles/Calendar.elf.dir/Core/Src/i2c.c.obj
 .debug_aranges
                0x00000050       0x30 CMakeFiles/Calendar.elf.dir/Core/Src/main.c.obj
 .debug_aranges
                0x00000080       0x30 CMakeFiles/Calendar.elf.dir/Core/Src/rtc.c.obj
 .debug_aranges
                0x000000b0       0x20 CMakeFiles/Calendar.elf.dir/Core/Src/stm32f1xx_hal_msp.c.obj
 .debug_aranges
                0x000000d0       0x60 CMakeFiles/Calendar.elf.dir/Core/Src/stm32f1xx_it.c.obj
 .debug_aranges
                0x00000130       0xa8 CMakeFiles/Calendar.elf.dir/Core/Src/syscalls.c.obj
 .debug_aranges
                0x000001d8       0x20 CMakeFiles/Calendar.elf.dir/Core/Src/sysmem.c.obj
 .debug_aranges
                0x000001f8       0x28 CMakeFiles/Calendar.elf.dir/Core/Src/system_stm32f1xx.c.obj
 .debug_aranges
                0x00000220       0x30 CMakeFiles/Calendar.elf.dir/Core/Src/tim.c.obj
 .debug_aranges
                0x00000250       0x38 CMakeFiles/Calendar.elf.dir/Core/Src/usart.c.obj
 .debug_aranges
                0x00000288       0x28 CMakeFiles/Calendar.elf.dir/Core/Startup/startup_stm32f103c8tx.s.obj
 .debug_aranges
                0x000002b0       0xe0 CMakeFiles/Calendar.elf.dir/Drivers/STM32F1xx_HAL_Driver/Src/stm32f1xx_hal.c.obj
 .debug_aranges
                0x00000390       0xc0 CMakeFiles/Calendar.elf.dir/Drivers/STM32F1xx_HAL_Driver/Src/stm32f1xx_hal_cortex.c.obj
 .debug_aranges
                0x00000450       0x58 CMakeFiles/Calendar.elf.dir/Drivers/STM32F1xx_HAL_Driver/Src/stm32f1xx_hal_gpio.c.obj
 .debug_aranges
                0x000004a8      0x2a8 CMakeFiles/Calendar.elf.dir/Drivers/STM32F1xx_HAL_Driver/Src/stm32f1xx_hal_i2c.c.obj
 .debug_aranges
                0x00000750       0x90 CMakeFiles/Calendar.elf.dir/Drivers/STM32F1xx_HAL_Driver/Src/stm32f1xx_hal_rcc.c.obj
 .debug_aranges
                0x000007e0       0x30 CMakeFiles/Calendar.elf.dir/Drivers/STM32F1xx_HAL_Driver/Src/stm32f1xx_hal_rcc_ex.c.obj
 .debug_aranges
                0x00000810      0x3d0 CMakeFiles/Calendar.elf.dir/Drivers/STM32F1xx_HAL_Driver/Src/stm32f1xx_hal_tim.c.obj
 .debug_aranges
                0x00000be0      0x168 CMakeFiles/Calendar.elf.dir/Drivers/STM32F1xx_HAL_Driver/Src/stm32f1xx_hal_tim_ex.c.obj
 .debug_aranges
                0x00000d48      0x208 CMakeFiles/Calendar.elf.dir/Drivers/STM32F1xx_HAL_Driver/Src/stm32f1xx_hal_uart.c.obj
 .debug_aranges
                0x00000f50       0xb8 CMakeFiles/Calendar.elf.dir/Lib/Src/oled.c.obj

.debug_rnglists
                0x00000000      0xc5c
 .debug_rnglists
                0x00000000       0x13 CMakeFiles/Calendar.elf.dir/Core/Src/gpio.c.obj
 .debug_rnglists
                0x00000013       0x1f CMakeFiles/Calendar.elf.dir/Core/Src/i2c.c.obj
 .debug_rnglists
                0x00000032       0x20 CMakeFiles/Calendar.elf.dir/Core/Src/main.c.obj
 .debug_rnglists
                0x00000052       0x1f CMakeFiles/Calendar.elf.dir/Core/Src/rtc.c.obj
 .debug_rnglists
                0x00000071       0x13 CMakeFiles/Calendar.elf.dir/Core/Src/stm32f1xx_hal_msp.c.obj
 .debug_rnglists
                0x00000084       0x43 CMakeFiles/Calendar.elf.dir/Core/Src/stm32f1xx_it.c.obj
 .debug_rnglists
                0x000000c7       0x79 CMakeFiles/Calendar.elf.dir/Core/Src/syscalls.c.obj
 .debug_rnglists
                0x00000140       0x13 CMakeFiles/Calendar.elf.dir/Core/Src/sysmem.c.obj
 .debug_rnglists
                0x00000153       0x1a CMakeFiles/Calendar.elf.dir/Core/Src/system_stm32f1xx.c.obj
 .debug_rnglists
                0x0000016d       0x1f CMakeFiles/Calendar.elf.dir/Core/Src/tim.c.obj
 .debug_rnglists
                0x0000018c       0x25 CMakeFiles/Calendar.elf.dir/Core/Src/usart.c.obj
 .debug_rnglists
                0x000001b1       0x19 CMakeFiles/Calendar.elf.dir/Core/Startup/startup_stm32f103c8tx.s.obj
 .debug_rnglists
                0x000001ca       0xa3 CMakeFiles/Calendar.elf.dir/Drivers/STM32F1xx_HAL_Driver/Src/stm32f1xx_hal.c.obj
 .debug_rnglists
                0x0000026d       0x8b CMakeFiles/Calendar.elf.dir/Drivers/STM32F1xx_HAL_Driver/Src/stm32f1xx_hal_cortex.c.obj
 .debug_rnglists
                0x000002f8       0x3f CMakeFiles/Calendar.elf.dir/Drivers/STM32F1xx_HAL_Driver/Src/stm32f1xx_hal_gpio.c.obj
 .debug_rnglists
                0x00000337      0x236 CMakeFiles/Calendar.elf.dir/Drivers/STM32F1xx_HAL_Driver/Src/stm32f1xx_hal_i2c.c.obj
 .debug_rnglists
                0x0000056d       0x7d CMakeFiles/Calendar.elf.dir/Drivers/STM32F1xx_HAL_Driver/Src/stm32f1xx_hal_rcc.c.obj
 .debug_rnglists
                0x000005ea       0x2f CMakeFiles/Calendar.elf.dir/Drivers/STM32F1xx_HAL_Driver/Src/stm32f1xx_hal_rcc_ex.c.obj
 .debug_rnglists
                0x00000619      0x2ff CMakeFiles/Calendar.elf.dir/Drivers/STM32F1xx_HAL_Driver/Src/stm32f1xx_hal_tim.c.obj
 .debug_rnglists
                0x00000918      0x11a CMakeFiles/Calendar.elf.dir/Drivers/STM32F1xx_HAL_Driver/Src/stm32f1xx_hal_tim_ex.c.obj
 .debug_rnglists
                0x00000a32      0x1a1 CMakeFiles/Calendar.elf.dir/Drivers/STM32F1xx_HAL_Driver/Src/stm32f1xx_hal_uart.c.obj
 .debug_rnglists
                0x00000bd3       0x89 CMakeFiles/Calendar.elf.dir/Lib/Src/oled.c.obj

.debug_line     0x00000000    0x146fe
 .debug_line    0x00000000      0x2c0 CMakeFiles/Calendar.elf.dir/Core/Src/gpio.c.obj
 .debug_line    0x000002c0      0x433 CMakeFiles/Calendar.elf.dir/Core/Src/i2c.c.obj
 .debug_line    0x000006f3      0x539 CMakeFiles/Calendar.elf.dir/Core/Src/main.c.obj
 .debug_line    0x00000c2c      0x3a6 CMakeFiles/Calendar.elf.dir/Core/Src/rtc.c.obj
 .debug_line    0x00000fd2      0x21a CMakeFiles/Calendar.elf.dir/Core/Src/stm32f1xx_hal_msp.c.obj
 .debug_line    0x000011ec      0x1f1 CMakeFiles/Calendar.elf.dir/Core/Src/stm32f1xx_it.c.obj
 .debug_line    0x000013dd      0x43c CMakeFiles/Calendar.elf.dir/Core/Src/syscalls.c.obj
 .debug_line    0x00001819      0x229 CMakeFiles/Calendar.elf.dir/Core/Src/sysmem.c.obj
 .debug_line    0x00001a42      0x2e3 CMakeFiles/Calendar.elf.dir/Core/Src/system_stm32f1xx.c.obj
 .debug_line    0x00001d25      0x48f CMakeFiles/Calendar.elf.dir/Core/Src/tim.c.obj
 .debug_line    0x000021b4      0x469 CMakeFiles/Calendar.elf.dir/Core/Src/usart.c.obj
 .debug_line    0x0000261d       0x78 CMakeFiles/Calendar.elf.dir/Core/Startup/startup_stm32f103c8tx.s.obj
 .debug_line    0x00002695      0x680 CMakeFiles/Calendar.elf.dir/Drivers/STM32F1xx_HAL_Driver/Src/stm32f1xx_hal.c.obj
 .debug_line    0x00002d15      0x79f CMakeFiles/Calendar.elf.dir/Drivers/STM32F1xx_HAL_Driver/Src/stm32f1xx_hal_cortex.c.obj
 .debug_line    0x000034b4      0x6c1 CMakeFiles/Calendar.elf.dir/Drivers/STM32F1xx_HAL_Driver/Src/stm32f1xx_hal_gpio.c.obj
 .debug_line    0x00003b75     0x5708 CMakeFiles/Calendar.elf.dir/Drivers/STM32F1xx_HAL_Driver/Src/stm32f1xx_hal_i2c.c.obj
 .debug_line    0x0000927d      0xdb0 CMakeFiles/Calendar.elf.dir/Drivers/STM32F1xx_HAL_Driver/Src/stm32f1xx_hal_rcc.c.obj
 .debug_line    0x0000a02d      0x5a1 CMakeFiles/Calendar.elf.dir/Drivers/STM32F1xx_HAL_Driver/Src/stm32f1xx_hal_rcc_ex.c.obj
 .debug_line    0x0000a5ce     0x469c CMakeFiles/Calendar.elf.dir/Drivers/STM32F1xx_HAL_Driver/Src/stm32f1xx_hal_tim.c.obj
 .debug_line    0x0000ec6a     0x1a78 CMakeFiles/Calendar.elf.dir/Drivers/STM32F1xx_HAL_Driver/Src/stm32f1xx_hal_tim_ex.c.obj
 .debug_line    0x000106e2     0x35dc CMakeFiles/Calendar.elf.dir/Drivers/STM32F1xx_HAL_Driver/Src/stm32f1xx_hal_uart.c.obj
 .debug_line    0x00013cbe      0xa40 CMakeFiles/Calendar.elf.dir/Lib/Src/oled.c.obj

.debug_str      0x00000000     0x4ed2
 .debug_str     0x00000000     0x4ed2 CMakeFiles/Calendar.elf.dir/Core/Src/gpio.c.obj
                                0x2ee (size before relaxing)
 .debug_str     0x00004ed2      0x7e5 CMakeFiles/Calendar.elf.dir/Core/Src/i2c.c.obj
 .debug_str     0x00004ed2      0x4e8 CMakeFiles/Calendar.elf.dir/Core/Src/main.c.obj
 .debug_str     0x00004ed2      0x46c CMakeFiles/Calendar.elf.dir/Core/Src/rtc.c.obj
 .debug_str     0x00004ed2      0x2be CMakeFiles/Calendar.elf.dir/Core/Src/stm32f1xx_hal_msp.c.obj
 .debug_str     0x00004ed2      0x2c1 CMakeFiles/Calendar.elf.dir/Core/Src/stm32f1xx_it.c.obj
 .debug_str     0x00004ed2      0x48b CMakeFiles/Calendar.elf.dir/Core/Src/syscalls.c.obj
 .debug_str     0x00004ed2      0x2b7 CMakeFiles/Calendar.elf.dir/Core/Src/sysmem.c.obj
 .debug_str     0x00004ed2      0x2f3 CMakeFiles/Calendar.elf.dir/Core/Src/system_stm32f1xx.c.obj
 .debug_str     0x00004ed2      0x965 CMakeFiles/Calendar.elf.dir/Core/Src/tim.c.obj
 .debug_str     0x00004ed2      0x790 CMakeFiles/Calendar.elf.dir/Core/Src/usart.c.obj
 .debug_str     0x00004ed2      0x107 CMakeFiles/Calendar.elf.dir/Core/Startup/startup_stm32f103c8tx.s.obj
 .debug_str     0x00004ed2      0x8cd CMakeFiles/Calendar.elf.dir/Drivers/STM32F1xx_HAL_Driver/Src/stm32f1xx_hal.c.obj
 .debug_str     0x00004ed2      0x972 CMakeFiles/Calendar.elf.dir/Drivers/STM32F1xx_HAL_Driver/Src/stm32f1xx_hal_cortex.c.obj